Microchip MPLAB XC8 Compiler V2.32

Linker command line:

-W-3 --edf=C:\Program Files\Microchip\xc8\v2.32\pic\dat\en_msgs.txt -cn \
  -h+dist/default/debug\Tiny.X.debug.sym \
  --cmf=dist/default/debug\Tiny.X.debug.cmf -z -Q16LF1829 \
  -oC:\Users\robotp\AppData\Local\Temp\xcAsis8.4 --defsym=__MPLAB_BUILD=1 \
  -Mdist/default/debug/Tiny.X.debug.map -E1 -ver=XC8 Compiler --acfsm=1493 \
  -ASTACK=02036h-023EFh -pstack=STACK -ACODE=00h-07FFhx4 \
  -ASTRCODE=00h-01FFFh -ASTRING=00h-0FFhx32 -ACONST=00h-0FFhx32 \
  -AENTRY=00h-0FFhx32 -ACOMMON=070h-07Fh -ABANK0=020h-06Fh \
  -ABANK1=0A0h-0EFh -ABANK2=0120h-016Fh -ABANK3=01A0h-01EFh \
  -ABANK4=0220h-026Fh -ABANK5=02A0h-02EFh -ABANK6=0320h-036Fh \
  -ABANK7=03A0h-03EFh -ABANK8=0420h-046Fh -ABANK9=04A0h-04EFh \
  -ABANK10=0520h-056Fh -ABANK11=05A0h-05EFh -ABANK12=0620h-064Fh \
  -ABIGRAM=02000h-023EFh \
  -ARAM=020h-06Fh,0A0h-0EFh,0120h-016Fh,01A0h-01EFh,0220h-026Fh,02A0h-02EFh,0320h-036Fh,03A0h-03EFh,0420h-046Fh,04A0h-04EFh,0520h-056Fh,05A0h-05EFh,0620h-064Fh \
  -AABS1=020h-07Fh,0A0h-0EFh,0120h-016Fh,01A0h-01EFh,0220h-026Fh,02A0h-02EFh,0320h-036Fh,03A0h-03EFh,0420h-046Fh,04A0h-04EFh,0520h-056Fh,05A0h-05EFh,0620h-064Fh \
  -ASFR0=00h-01Fh -ASFR1=080h-09Fh -ASFR2=0100h-011Fh -ASFR3=0180h-019Fh \
  -ASFR4=0200h-021Fh -ASFR5=0280h-029Fh -ASFR6=0300h-031Fh \
  -ASFR7=0380h-039Fh -ASFR8=0400h-041Fh -ASFR9=0480h-049Fh \
  -ASFR10=0500h-051Fh -ASFR11=0580h-059Fh -ASFR12=0600h-061Fh \
  -ASFR13=0680h-06EFh -ASFR14=0700h-076Fh -ASFR15=0780h-07EFh \
  -ASFR16=0800h-086Fh -ASFR17=0880h-08EFh -ASFR18=0900h-096Fh \
  -ASFR19=0980h-09EFh -ASFR20=0A00h-0A6Fh -ASFR21=0A80h-0AEFh \
  -ASFR22=0B00h-0B6Fh -ASFR23=0B80h-0BEFh -ASFR24=0C00h-0C6Fh \
  -ASFR25=0C80h-0CEFh -ASFR26=0D00h-0D6Fh -ASFR27=0D80h-0DEFh \
  -ASFR28=0E00h-0E6Fh -ASFR29=0E80h-0EEFh -ASFR30=0F00h-0F6Fh \
  -ASFR31=0F80h-0FEFh -ACONFIG=08007h-08008h -DCONFIG=2 \
  -AIDLOC=08000h-08003h -DIDLOC=2 -AEEDATA=00h-0FFh/0F000h \
  -peeprom_data=EEDATA -DEEDATA=2 -DCODE=2 -DSTRCODE=2 -DSTRING=2 -DCONST=2 \
  -DENTRY=2 -preset_vec=00h,intentry=04h,init,end_init -ppowerup=CODE \
  -pcinit=CODE -pfunctab=ENTRY -k \
  C:\Users\robotp\AppData\Local\Temp\xcAsis8.o \
  dist/default/debug\Tiny.X.debug.o 

Object code version is 3.11

Machine type is 16LF1829



                Name                               Link     Load   Length Selector   Space Scale
C:\Users\robotp\AppData\Local\Temp\xcAsis8.o
                end_init                             1F       1F        2        8       0
                reset_vec                             0        0        2        0       0
                config                             8007     8007        2        0       4
dist/default/debug\Tiny.X.debug.o
                cinit                                21       21        F        8       0
                intentry                              4        4       1B        8       0
                config                             8007     8007        2        0       4
                text76                              519      519       17      8A8       0
                text75                              632      632        B      8A8       0
                text74                              6FE      6FE        1      8A8       0
                text73                              61B      61B        C      8A8       0
                text72                              6CD      6CD        5      8A8       0
                text71                              6FD      6FD        1      8A8       0
                text70                              627      627        B      8A8       0
                text69                              5A2      5A2        F      8A8       0
                text68                              659      659        9      8A8       0
                text66                              530      530       16      8A8       0
                text65                              4E3      4E3       1C      8A8       0
                text64                              4C7      4C7       1C      8A8       0
                text63                              6F6      6F6        3      8A8       0
                text62                              6F3      6F3        3      8A8       0
                text61                              6F0      6F0        3      8A8       0
                text60                              4AB      4AB       1C      8A8       0
                text59                              6ED      6ED        3      8A8       0
                text58                              6EA      6EA        3      8A8       0
                text57                              6E7      6E7        3      8A8       0
                text56                              592      592       10      8A8       0
                text55                              40D      40D       27        8       0
                text54                              5DB      5DB        E      8A8       0
                text53                              57F      57F       13      8A8       0
                text52                              56C      56C       13      8A8       0
                text51                              559      559       13      8A8       0
                text50                              546      546       13      8A8       0
                text49                              4FF      4FF       1A      8A8       0
                text48                              6FB      6FB        2      8A8       0
                text47                              6F9      6F9        2      8A8       0
                text46                              6E4      6E4        3      8A8       0
                text45                              6DA      6DA        4      8A8       0
                text44                              6E1      6E1        3      8A8       0
                text43                              6D6      6D6        4      8A8       0
                text42                              6C8      6C8        5      8A8       0
                text41                              68B      68B        6      8A8       0
                text40                              6DE      6DE        3      8A8       0
                text39                              35A      35A       30        8       0
                text38                              6C3      6C3        5      8A8       0
                text37                              650      650        9      8A8       0
                text36                              66A      66A        8      8A8       0
                text35                              218      218       56        8       0
                text34                              26E      26E       47        8       0
                text33                              672      672        7      8A8       0
                text32                              6BE      6BE        5      8A8       0
                text31                              6B9      6B9        5      8A8       0
                text30                              6B4      6B4        5      8A8       0
                text29                              6AF      6AF        5      8A8       0
                text28                              6AA      6AA        5      8A8       0
                text27                              6A5      6A5        5      8A8       0
                text26                              6A0      6A0        5      8A8       0
                text25                              69B      69B        5      8A8       0
                text24                              38A      38A       2D        8       0
                text23                              3E2      3E2       2B        8       0
                text22                              685      685        6      8A8       0
                text21                              5F6      5F6        D      8A8       0
                text20                              454      454       1F      8A8       0
                text19                              696      696        5      8A8       0
                text18                              5E9      5E9        D      8A8       0
                text17                              2B5      2B5       3A        8       0
                text16                              5CD      5CD        E      8A8       0
                text15                              2EF      2EF       37        8       0
                text14                              326      326       34        8       0
                text13                              48F      48F       1C      8A8       0
                text12                              5BF      5BF        E      8A8       0
                text11                              5B1      5B1        E      8A8       0
                text10                              691      691        5      8A8       0
                text9                               60F      60F        C      8A8       0
                text8                               647      647        9      8A8       0
                text7                               603      603        C      8A8       0
                text6                               67F      67F        6      8A8       0
                text5                               3B7      3B7       2B        8       0
                text4                               63D      63D        A      8A8       0
                text3                               662      662        8      8A8       0
                text2                               6D2      6D2        4      8A8       0
                text1                               473      473       1C      8A8       0
                maintext                             30       30      1E8        8       0
                cstackBANK0                          3D       3D       17       20       1
                cstackCOMMON                         70       70        7       70       1
                clrtext                             679      679        6      8A8       0
                bssBANK0                             20       20       1D       20       1
                bssCOMMON                            77       77        3       70       1
                nvBANK0                              54       54        2       20       1
                stringtext1                         434      434       20      868       0

TOTAL           Name                               Link     Load   Length     Space
        CLASS   STACK          

        CLASS   CODE           
                end_init                             1F       1F        2         0
                cinit                                21       21        F         0
                intentry                              4        4       1B         0
                reset_vec                             0        0        2         0
                text76                              519      519       17         0
                text75                              632      632        B         0
                text74                              6FE      6FE        1         0
                text73                              61B      61B        C         0
                text72                              6CD      6CD        5         0
                text71                              6FD      6FD        1         0
                text70                              627      627        B         0
                text69                              5A2      5A2        F         0
                text68                              659      659        9         0
                text66                              530      530       16         0
                text65                              4E3      4E3       1C         0
                text64                              4C7      4C7       1C         0
                text63                              6F6      6F6        3         0
                text62                              6F3      6F3        3         0
                text61                              6F0      6F0        3         0
                text60                              4AB      4AB       1C         0
                text59                              6ED      6ED        3         0
                text58                              6EA      6EA        3         0
                text57                              6E7      6E7        3         0
                text56                              592      592       10         0
                text55                              40D      40D       27         0
                text54                              5DB      5DB        E         0
                text53                              57F      57F       13         0
                text52                              56C      56C       13         0
                text51                              559      559       13         0
                text50                              546      546       13         0
                text49                              4FF      4FF       1A         0
                text48                              6FB      6FB        2         0
                text47                              6F9      6F9        2         0
                text46                              6E4      6E4        3         0
                text45                              6DA      6DA        4         0
                text44                              6E1      6E1        3         0
                text43                              6D6      6D6        4         0
                text42                              6C8      6C8        5         0
                text41                              68B      68B        6         0
                text40                              6DE      6DE        3         0
                text39                              35A      35A       30         0
                text38                              6C3      6C3        5         0
                text37                              650      650        9         0
                text36                              66A      66A        8         0
                text35                              218      218       56         0
                text34                              26E      26E       47         0
                text33                              672      672        7         0
                text32                              6BE      6BE        5         0
                text31                              6B9      6B9        5         0
                text30                              6B4      6B4        5         0
                text29                              6AF      6AF        5         0
                text28                              6AA      6AA        5         0
                text27                              6A5      6A5        5         0
                text26                              6A0      6A0        5         0
                text25                              69B      69B        5         0
                text24                              38A      38A       2D         0
                text23                              3E2      3E2       2B         0
                text22                              685      685        6         0
                text21                              5F6      5F6        D         0
                text20                              454      454       1F         0
                text19                              696      696        5         0
                text18                              5E9      5E9        D         0
                text17                              2B5      2B5       3A         0
                text16                              5CD      5CD        E         0
                text15                              2EF      2EF       37         0
                text14                              326      326       34         0
                text13                              48F      48F       1C         0
                text12                              5BF      5BF        E         0
                text11                              5B1      5B1        E         0
                text10                              691      691        5         0
                text9                               60F      60F        C         0
                text8                               647      647        9         0
                text7                               603      603        C         0
                text6                               67F      67F        6         0
                text5                               3B7      3B7       2B         0
                text4                               63D      63D        A         0
                text3                               662      662        8         0
                text2                               6D2      6D2        4         0
                text1                               473      473       1C         0
                maintext                             30       30      1E8         0
                clrtext                             679      679        6         0

        CLASS   STRCODE        
                stringtext1                         434      434       20         0

        CLASS   STRING         

        CLASS   CONST          

        CLASS   ENTRY          

        CLASS   COMMON         
                cstackCOMMON                         70       70        7         1
                bssCOMMON                            77       77        3         1

        CLASS   BANK0          
                cstackBANK0                          3D       3D       17         1
                bssBANK0                             20       20       1D         1
                nvBANK0                              54       54        2         1

        CLASS   BANK1          

        CLASS   BANK2          

        CLASS   BANK3          

        CLASS   BANK4          

        CLASS   BANK5          

        CLASS   BANK6          

        CLASS   BANK7          

        CLASS   BANK8          

        CLASS   BANK9          

        CLASS   BANK10         

        CLASS   BANK11         

        CLASS   BANK12         

        CLASS   BIGRAM         

        CLASS   RAM            

        CLASS   ABS1           
                abs_s1                               7E       7E        2         1

        CLASS   SFR0           

        CLASS   SFR1           

        CLASS   SFR2           

        CLASS   SFR3           

        CLASS   SFR4           

        CLASS   SFR5           

        CLASS   SFR6           

        CLASS   SFR7           

        CLASS   SFR8           

        CLASS   SFR9           

        CLASS   SFR10          

        CLASS   SFR11          

        CLASS   SFR12          

        CLASS   SFR13          

        CLASS   SFR14          

        CLASS   SFR15          

        CLASS   SFR16          

        CLASS   SFR17          

        CLASS   SFR18          

        CLASS   SFR19          

        CLASS   SFR20          

        CLASS   SFR21          

        CLASS   SFR22          

        CLASS   SFR23          

        CLASS   SFR24          

        CLASS   SFR25          

        CLASS   SFR26          

        CLASS   SFR27          

        CLASS   SFR28          

        CLASS   SFR29          

        CLASS   SFR30          

        CLASS   SFR31          

        CLASS   CONFIG         
                config                             8007     8007        2         4

        CLASS   IDLOC          

        CLASS   EEDATA         

        CLASS   BANK31         

        CLASS   BANK30         

        CLASS   BANK29         

        CLASS   BANK28         

        CLASS   BANK27         

        CLASS   BANK26         

        CLASS   BANK25         

        CLASS   BANK24         

        CLASS   BANK23         

        CLASS   BANK22         

        CLASS   BANK21         

        CLASS   BANK20         

        CLASS   BANK19         

        CLASS   BANK18         

        CLASS   BANK17         

        CLASS   BANK16         

        CLASS   BANK15         

        CLASS   BANK14         

        CLASS   BANK13         



SEGMENTS        Name                           Load    Length   Top    Selector   Space  Class     Delta

                reset_vec                      000000  000002  000002         0       0  CODE        2
                intentry                       000004  000430  000434         8       0  CODE        2
                bssBANK0                       000020  000036  000056        20       1  BANK0       1
                cstackCOMMON                   000070  00000A  00007A        70       1  COMMON      1
                stringtext1                    000434  000020  000454       868       0  STRCODE     2
                text20                         000454  0002AB  0006FF       8A8       0  CODE        2


UNUSED ADDRESS RANGES

        Name                Unused          Largest block    Delta
        BANK0            00056-0006F              1A           1
        BANK1            000A0-000EF              50           1
        BANK10           00520-0056F              50           1
        BANK11           005A0-005EF              50           1
        BANK12           00620-0064F              30           1
        BANK2            00120-0016F              50           1
        BANK3            001A0-001EF              50           1
        BANK4            00220-0026F              50           1
        BANK5            002A0-002EF              50           1
        BANK6            00320-0036F              50           1
        BANK7            003A0-003EF              50           1
        BANK8            00420-0046F              50           1
        BANK9            004A0-004EF              50           1
        BIGRAM           02000-023EF             3F0           1
        CODE             00002-00003               2           2
                         006FF-01FFF             800
        COMMON           0007A-0007D               4           1
        CONST            00002-00003               2           2
                         006FF-01FFF             100
        EEDATA           0F000-0F0FF             100           2
        ENTRY            00002-00003               2           2
                         006FF-01FFF             100
        IDLOC            08000-08003               4           2
        RAM              00056-0006F              1A           1
                         000A0-000EF              50
                         00120-0016F              50
                         001A0-001EF              50
                         00220-0026F              50
                         002A0-002EF              50
                         00320-0036F              50
                         003A0-003EF              50
                         00420-0046F              50
                         004A0-004EF              50
                         00520-0056F              50
                         005A0-005EF              50
                         00620-0064F              30
        SFR0             00000-0001F              20           1
        SFR1             00080-0009F              20           1
        SFR10            00500-0051F              20           1
        SFR11            00580-0059F              20           1
        SFR12            00600-0061F              20           1
        SFR13            00680-006EF              70           1
        SFR14            00700-0076F              70           1
        SFR15            00780-007EF              70           1
        SFR16            00800-0086F              70           1
        SFR17            00880-008EF              70           1
        SFR18            00900-0096F              70           1
        SFR19            00980-009EF              70           1
        SFR2             00100-0011F              20           1
        SFR20            00A00-00A6F              70           1
        SFR21            00A80-00AEF              70           1
        SFR22            00B00-00B6F              70           1
        SFR23            00B80-00BEF              70           1
        SFR24            00C00-00C6F              70           1
        SFR25            00C80-00CEF              70           1
        SFR26            00D00-00D6F              70           1
        SFR27            00D80-00DEF              70           1
        SFR28            00E00-00E6F              70           1
        SFR29            00E80-00EEF              70           1
        SFR3             00180-0019F              20           1
        SFR30            00F00-00F6F              70           1
        SFR31            00F80-00FEF              70           1
        SFR4             00200-0021F              20           1
        SFR5             00280-0029F              20           1
        SFR6             00300-0031F              20           1
        SFR7             00380-0039F              20           1
        SFR8             00400-0041F              20           1
        SFR9             00480-0049F              20           1
        STACK            02036-023EF             3BA           1
        STRCODE          00002-00003               2           2
                         006FF-01FFF            1901
        STRING           00002-00003               2           2
                         006FF-01FFF             100

                                  Symbol Table

DELAY_milliseconds@milliseconds             cstackCOMMON 00074
EPWM1_LoadDutyValue@dutyValue               cstackCOMMON 00074
EPWM2_LoadDutyValue@dutyValue               cstackCOMMON 00074
I2C1_CallbackReturnReset@funPtr             cstackBANK0  00043
I2C1_Close@returnValue                      cstackCOMMON 00075
I2C1_MasterOperation@read                   cstackBANK0  0004B
I2C1_MasterOperation@returnValue            cstackBANK0  0004C
I2C1_MasterSendTxData@data                  cstackCOMMON 00074
I2C1_Open@address                           cstackCOMMON 00075
I2C1_Open@returnValue                       cstackCOMMON 00076
I2C1_Read1ByteRegister@address              cstackBANK0  0004F
I2C1_Read1ByteRegister@reg                  cstackBANK0  0004D
I2C1_Read1ByteRegister@returnValue          cstackBANK0  00050
I2C1_SetAddressNackCallback@cb              cstackBANK0  0003F
I2C1_SetAddressNackCallback@ptr             cstackBANK0  00041
I2C1_SetBuffer@buffer                       cstackBANK0  0003D
I2C1_SetBuffer@bufferSize                   cstackCOMMON 00074
I2C1_SetCallback@cb                         cstackCOMMON 00074
I2C1_SetCallback@idx                        cstackBANK0  0003E
I2C1_SetCallback@ptr                        cstackCOMMON 00076
I2C1_SetDataCompleteCallback@cb             cstackBANK0  0003F
I2C1_SetDataCompleteCallback@ptr            cstackBANK0  00041
I2C1_Write1ByteRegister@address             cstackBANK0  00050
I2C1_Write1ByteRegister@data                cstackBANK0  0004E
I2C1_Write1ByteRegister@reg                 cstackBANK0  0004D
INT_SetInterruptHandler@InterruptHandler    cstackCOMMON 00074
IOCBF7_SetInterruptHandler@InterruptHandler cstackCOMMON 00074
PWM4_LoadDutyValue@dutyValue                cstackCOMMON 00074
_ANSELA                                     (abs)        0018C
_ANSELB                                     (abs)        0018D
_ANSELC                                     (abs)        0018E
_APFCON0                                    (abs)        0011D
_APFCON1                                    (abs)        0011E
_BORCON                                     (abs)        00116
_ButtonInterrupt                            text70       00627
_CCP1CON                                    (abs)        00293
_CCP2AS                                     (abs)        0029C
_CCP2CON                                    (abs)        0029A
_CCP4CON                                    (abs)        0031A
_CCPR1H                                     (abs)        00292
_CCPR1L                                     (abs)        00291
_CCPR2H                                     (abs)        00299
_CCPR2L                                     (abs)        00298
_CCPR4H                                     (abs)        00319
_CCPR4L                                     (abs)        00318
_CCPTMRSbits                                (abs)        0029E
_DELAY_milliseconds                         text66       00530
_ECCP1AS                                    (abs)        00295
_EEADRH                                     (abs)        00192
_EEADRL                                     (abs)        00191
_EECON1bits                                 (abs)        00195
_EECON2                                     (abs)        00196
_EEDATH                                     (abs)        00194
_EEDATL                                     (abs)        00193
_EPWM1_Initialize                           text12       005BF
_EPWM1_LoadDutyValue                        text65       004E3
_EPWM2_Initialize                           text11       005B1
_EPWM2_LoadDutyValue                        text64       004C7
_EXT_INT_Initialize                         text9        0060F
_I2C1_CallbackReturnReset                   text47       006F9
_I2C1_CallbackReturnStop                    text48       006FB
_I2C1_Close                                 text60       004AB
_I2C1_DO_ADDRESS_NACK                       text24       0038A
_I2C1_DO_IDLE                               text38       006C3
_I2C1_DO_RCEN                               text33       00672
_I2C1_DO_RESET                              text25       0069B
_I2C1_DO_RX                                 text34       0026E
_I2C1_DO_RX_ACK                             text28       006AA
_I2C1_DO_RX_NACK_RESTART                    text26       006A0
_I2C1_DO_RX_NACK_STOP                       text27       006A5
_I2C1_DO_SEND_ADR_READ                      text37       00650
_I2C1_DO_SEND_ADR_WRITE                     text36       0066A
_I2C1_DO_SEND_RESTART                       text30       006B4
_I2C1_DO_SEND_RESTART_READ                  text32       006BE
_I2C1_DO_SEND_RESTART_WRITE                 text31       006B9
_I2C1_DO_SEND_STOP                          text29       006AF
_I2C1_DO_TX                                 text35       00218
_I2C1_DO_TX_EMPTY                           text39       0035A
_I2C1_Initialize                            text8        00647
_I2C1_MasterClearIrq                        text63       006F6
_I2C1_MasterClose                           text62       006F3
_I2C1_MasterDisableIrq                      text61       006F0
_I2C1_MasterEnableRestart                   text58       006EA
_I2C1_MasterFsm                             text23       003E2
_I2C1_MasterGetRxData                       text44       006E1
_I2C1_MasterIsNack                          text41       0068B
_I2C1_MasterOpen                            text18       005E9
_I2C1_MasterOperation                       text20       00454
_I2C1_MasterSendAck                         text43       006D6
_I2C1_MasterSendNack                        text45       006DA
_I2C1_MasterSendTxData                      text42       006C8
_I2C1_MasterSetIrq                          text40       006DE
_I2C1_MasterStart                           text59       006ED
_I2C1_MasterStartRx                         text46       006E4
_I2C1_MasterStop                            text57       006E7
_I2C1_MasterWaitForEvent                    text22       00685
_I2C1_MasterWrite                           text19       00696
_I2C1_Open                                  text17       002B5
_I2C1_Poller                                text21       005F6
_I2C1_Read1ByteRegister                     text15       002EF
_I2C1_SetAddressNackCallback                text16       005CD
_I2C1_SetBuffer                             text56       00592
_I2C1_SetCallback                           text55       0040D
_I2C1_SetDataCompleteCallback               text54       005DB
_I2C1_Status                                bssBANK0     00020
_I2C1_Write1ByteRegister                    text14       00326
_INTCONbits                                 (abs)        0000B
_INTERRUPT_InterruptManager                 intentry     00004
_INT_CallBack                               text73       0061B
_INT_DefaultInterruptHandler                text74       006FE
_INT_ISR                                    text72       006CD
_INT_InterruptHandler                       bssCOMMON    00077
_INT_SetInterruptHandler                    text10       00691
_IOCBF7_DefaultInterruptHandler             text71       006FD
_IOCBF7_ISR                                 text69       005A2
_IOCBF7_InterruptHandler                    nvBANK0      00054
_IOCBF7_SetInterruptHandler                 text6        0067F
_IOCBFbits                                  (abs)        00396
_IOCBNbits                                  (abs)        00395
_IOCBPbits                                  (abs)        00394
_LATA                                       (abs)        0010C
_LATB                                       (abs)        0010D
_LATC                                       (abs)        0010E
_OPTION_REGbits                             (abs)        00095
_OSCCON                                     (abs)        00099
_OSCILLATOR_Initialize                      text7        00603
_OSCTUNE                                    (abs)        00098
_PIE1bits                                   (abs)        00091
_PIN_MANAGER_IOC                            text68       00659
_PIN_MANAGER_Initialize                     text5        003B7
_PIR1bits                                   (abs)        00011
_PIR2bits                                   (abs)        00012
_PLLR                                       (abs)        004D6
_PR2                                        (abs)        0001B
_PSTR1CON                                   (abs)        00296
_PSTR2CON                                   (abs)        0029D
_PWM1CON                                    (abs)        00294
_PWM2CON                                    (abs)        0029B
_PWM4_Initialize                            text4        0063D
_PWM4_LoadDutyValue                         text13       0048F
_SSP1ADD                                    (abs)        00212
_SSP1BUF                                    (abs)        00211
_SSP1CON1                                   (abs)        00215
_SSP1CON1bits                               (abs)        00215
_SSP1CON2                                   (abs)        00216
_SSP1CON2bits                               (abs)        00216
_SSP1STAT                                   (abs)        00214
_SSP1STATbits                               (abs)        00214
_SYSTEM_Initialize                          text1        00473
_T2CON                                      (abs)        0001C
_T2CONbits                                  (abs)        0001C
_TMR2                                       (abs)        0001A
_TMR2_Initialize                            text3        00662
_TRISA                                      (abs)        0008C
_TRISB                                      (abs)        0008D
_TRISC                                      (abs)        0008E
_WDTCON                                     (abs)        00097
_WDT_Initialize                             text2        006D2
_WPUA                                       (abs)        0020C
_WPUB                                       (abs)        0020D
_WPUC                                       (abs)        0020E
_WakeUpInterrupt                            text75       00632
__Habs1                                     abs1         00000
__Hbank0                                    bank0        00000
__Hbank1                                    bank1        00000
__Hbank10                                   bank10       00000
__Hbank11                                   bank11       00000
__Hbank12                                   bank12       00000
__Hbank13                                   bank13       00000
__Hbank14                                   bank14       00000
__Hbank15                                   bank15       00000
__Hbank16                                   bank16       00000
__Hbank17                                   bank17       00000
__Hbank18                                   bank18       00000
__Hbank19                                   bank19       00000
__Hbank2                                    bank2        00000
__Hbank20                                   bank20       00000
__Hbank21                                   bank21       00000
__Hbank22                                   bank22       00000
__Hbank23                                   bank23       00000
__Hbank24                                   bank24       00000
__Hbank25                                   bank25       00000
__Hbank26                                   bank26       00000
__Hbank27                                   bank27       00000
__Hbank28                                   bank28       00000
__Hbank29                                   bank29       00000
__Hbank3                                    bank3        00000
__Hbank30                                   bank30       00000
__Hbank31                                   bank31       00000
__Hbank4                                    bank4        00000
__Hbank5                                    bank5        00000
__Hbank6                                    bank6        00000
__Hbank7                                    bank7        00000
__Hbank8                                    bank8        00000
__Hbank9                                    bank9        00000
__Hbigram                                   bigram       00000
__HbssBANK0                                 bssBANK0     00000
__HbssCOMMON                                bssCOMMON    00000
__Hcinit                                    cinit        00030
__Hclrtext                                  clrtext      00000
__Hcode                                     code         00000
__Hcommon                                   common       00000
__Hconfig                                   config       08009
__HcstackBANK0                              cstackBANK0  00000
__HcstackCOMMON                             cstackCOMMON 00000
__Heeprom_data                              eeprom_data  00000
__Hend_init                                 end_init     00021
__Hfunctab                                  functab      00000
__Hinit                                     init         0001F
__Hintentry                                 intentry     0001F
__Hmaintext                                 maintext     00000
__HnvBANK0                                  nvBANK0      00000
__Hpowerup                                  powerup      00000
__Hram                                      ram          00000
__Hreset_vec                                reset_vec    00002
__Hsfr0                                     sfr0         00000
__Hsfr1                                     sfr1         00000
__Hsfr10                                    sfr10        00000
__Hsfr11                                    sfr11        00000
__Hsfr12                                    sfr12        00000
__Hsfr13                                    sfr13        00000
__Hsfr14                                    sfr14        00000
__Hsfr15                                    sfr15        00000
__Hsfr16                                    sfr16        00000
__Hsfr17                                    sfr17        00000
__Hsfr18                                    sfr18        00000
__Hsfr19                                    sfr19        00000
__Hsfr2                                     sfr2         00000
__Hsfr20                                    sfr20        00000
__Hsfr21                                    sfr21        00000
__Hsfr22                                    sfr22        00000
__Hsfr23                                    sfr23        00000
__Hsfr24                                    sfr24        00000
__Hsfr25                                    sfr25        00000
__Hsfr26                                    sfr26        00000
__Hsfr27                                    sfr27        00000
__Hsfr28                                    sfr28        00000
__Hsfr29                                    sfr29        00000
__Hsfr3                                     sfr3         00000
__Hsfr30                                    sfr30        00000
__Hsfr31                                    sfr31        00000
__Hsfr4                                     sfr4         00000
__Hsfr5                                     sfr5         00000
__Hsfr6                                     sfr6         00000
__Hsfr7                                     sfr7         00000
__Hsfr8                                     sfr8         00000
__Hsfr9                                     sfr9         00000
__Hspace_0                                  (abs)        006FF
__Hspace_1                                  (abs)        0007A
__Hspace_2                                  (abs)        00000
__Hspace_3                                  (abs)        00000
__Hspace_4                                  (abs)        10010
__Hstack                                    stack        00000
__Hstrings                                  strings      00000
__Hstringtext1                              stringtext1  00000
__Htext                                     text         00000
__Labs1                                     abs1         00000
__Lbank0                                    bank0        00000
__Lbank1                                    bank1        00000
__Lbank10                                   bank10       00000
__Lbank11                                   bank11       00000
__Lbank12                                   bank12       00000
__Lbank13                                   bank13       00000
__Lbank14                                   bank14       00000
__Lbank15                                   bank15       00000
__Lbank16                                   bank16       00000
__Lbank17                                   bank17       00000
__Lbank18                                   bank18       00000
__Lbank19                                   bank19       00000
__Lbank2                                    bank2        00000
__Lbank20                                   bank20       00000
__Lbank21                                   bank21       00000
__Lbank22                                   bank22       00000
__Lbank23                                   bank23       00000
__Lbank24                                   bank24       00000
__Lbank25                                   bank25       00000
__Lbank26                                   bank26       00000
__Lbank27                                   bank27       00000
__Lbank28                                   bank28       00000
__Lbank29                                   bank29       00000
__Lbank3                                    bank3        00000
__Lbank30                                   bank30       00000
__Lbank31                                   bank31       00000
__Lbank4                                    bank4        00000
__Lbank5                                    bank5        00000
__Lbank6                                    bank6        00000
__Lbank7                                    bank7        00000
__Lbank8                                    bank8        00000
__Lbank9                                    bank9        00000
__Lbigram                                   bigram       00000
__LbssBANK0                                 bssBANK0     00000
__LbssCOMMON                                bssCOMMON    00000
__Lcinit                                    cinit        00021
__Lclrtext                                  clrtext      00000
__Lcode                                     code         00000
__Lcommon                                   common       00000
__Lconfig                                   config       00000
__LcstackBANK0                              cstackBANK0  00000
__LcstackCOMMON                             cstackCOMMON 00000
__Leeprom_data                              eeprom_data  00000
__Lend_init                                 end_init     0001F
__Lfunctab                                  functab      00000
__Linit                                     init         0001F
__Lintentry                                 intentry     00004
__Lmaintext                                 maintext     00000
__LnvBANK0                                  nvBANK0      00000
__Lpowerup                                  powerup      00000
__Lram                                      ram          00000
__Lreset_vec                                reset_vec    00000
__Lsfr0                                     sfr0         00000
__Lsfr1                                     sfr1         00000
__Lsfr10                                    sfr10        00000
__Lsfr11                                    sfr11        00000
__Lsfr12                                    sfr12        00000
__Lsfr13                                    sfr13        00000
__Lsfr14                                    sfr14        00000
__Lsfr15                                    sfr15        00000
__Lsfr16                                    sfr16        00000
__Lsfr17                                    sfr17        00000
__Lsfr18                                    sfr18        00000
__Lsfr19                                    sfr19        00000
__Lsfr2                                     sfr2         00000
__Lsfr20                                    sfr20        00000
__Lsfr21                                    sfr21        00000
__Lsfr22                                    sfr22        00000
__Lsfr23                                    sfr23        00000
__Lsfr24                                    sfr24        00000
__Lsfr25                                    sfr25        00000
__Lsfr26                                    sfr26        00000
__Lsfr27                                    sfr27        00000
__Lsfr28                                    sfr28        00000
__Lsfr29                                    sfr29        00000
__Lsfr3                                     sfr3         00000
__Lsfr30                                    sfr30        00000
__Lsfr31                                    sfr31        00000
__Lsfr4                                     sfr4         00000
__Lsfr5                                     sfr5         00000
__Lsfr6                                     sfr6         00000
__Lsfr7                                     sfr7         00000
__Lsfr8                                     sfr8         00000
__Lsfr9                                     sfr9         00000
__Lspace_0                                  (abs)        00000
__Lspace_1                                  (abs)        00000
__Lspace_2                                  (abs)        00000
__Lspace_3                                  (abs)        00000
__Lspace_4                                  (abs)        00000
__Lstack                                    stack        00000
__Lstrings                                  strings      00000
__Lstringtext1                              stringtext1  00000
__Ltext                                     text         00000
__S0                                        (abs)        006FF
__S1                                        (abs)        0007A
__S2                                        (abs)        00000
__S3                                        (abs)        00000
___int_sp                                   stack        00000
___latbits                                  (abs)        00002
___sp                                       stack        00000
___stackhi                                  (abs)        023EF
___stacklo                                  (abs)        02036
__end_of_ButtonInterrupt                    text70       00632
__end_of_DELAY_milliseconds                 text66       00546
__end_of_EPWM1_Initialize                   text12       005CD
__end_of_EPWM1_LoadDutyValue                text65       004FF
__end_of_EPWM2_Initialize                   text11       005BF
__end_of_EPWM2_LoadDutyValue                text64       004E3
__end_of_EXT_INT_Initialize                 text9        0061B
__end_of_I2C1_CallbackReturnReset           text47       006FB
__end_of_I2C1_CallbackReturnStop            text48       006FD
__end_of_I2C1_Close                         text60       004C7
__end_of_I2C1_DO_ADDRESS_NACK               text24       003B7
__end_of_I2C1_DO_IDLE                       text38       006C8
__end_of_I2C1_DO_RCEN                       text33       00679
__end_of_I2C1_DO_RESET                      text25       006A0
__end_of_I2C1_DO_RX                         text34       002B5
__end_of_I2C1_DO_RX_ACK                     text28       006AF
__end_of_I2C1_DO_RX_NACK_RESTART            text26       006A5
__end_of_I2C1_DO_RX_NACK_STOP               text27       006AA
__end_of_I2C1_DO_SEND_ADR_READ              text37       00659
__end_of_I2C1_DO_SEND_ADR_WRITE             text36       00672
__end_of_I2C1_DO_SEND_RESTART               text30       006B9
__end_of_I2C1_DO_SEND_RESTART_READ          text32       006C3
__end_of_I2C1_DO_SEND_RESTART_WRITE         text31       006BE
__end_of_I2C1_DO_SEND_STOP                  text29       006B4
__end_of_I2C1_DO_TX                         text35       0026E
__end_of_I2C1_DO_TX_EMPTY                   text39       0038A
__end_of_I2C1_Initialize                    text8        00650
__end_of_I2C1_MasterClearIrq                text63       006F9
__end_of_I2C1_MasterClose                   text62       006F6
__end_of_I2C1_MasterDisableIrq              text61       006F3
__end_of_I2C1_MasterEnableRestart           text58       006ED
__end_of_I2C1_MasterFsm                     text23       0040D
__end_of_I2C1_MasterGetRxData               text44       006E4
__end_of_I2C1_MasterIsNack                  text41       00691
__end_of_I2C1_MasterOpen                    text18       005F6
__end_of_I2C1_MasterOperation               text20       00473
__end_of_I2C1_MasterSendAck                 text43       006DA
__end_of_I2C1_MasterSendNack                text45       006DE
__end_of_I2C1_MasterSendTxData              text42       006CD
__end_of_I2C1_MasterSetIrq                  text40       006E1
__end_of_I2C1_MasterStart                   text59       006F0
__end_of_I2C1_MasterStartRx                 text46       006E7
__end_of_I2C1_MasterStop                    text57       006EA
__end_of_I2C1_MasterWaitForEvent            text22       0068B
__end_of_I2C1_MasterWrite                   text19       0069B
__end_of_I2C1_Open                          text17       002EF
__end_of_I2C1_Poller                        text21       00603
__end_of_I2C1_Read1ByteRegister             text15       00326
__end_of_I2C1_SetAddressNackCallback        text16       005DB
__end_of_I2C1_SetBuffer                     text56       005A2
__end_of_I2C1_SetCallback                   text55       00434
__end_of_I2C1_SetDataCompleteCallback       text54       005E9
__end_of_I2C1_Write1ByteRegister            text14       0035A
__end_of_INTERRUPT_InterruptManager         intentry     0001F
__end_of_INT_CallBack                       text73       00627
__end_of_INT_DefaultInterruptHandler        text74       006FF
__end_of_INT_ISR                            text72       006D2
__end_of_INT_SetInterruptHandler            text10       00696
__end_of_IOCBF7_DefaultInterruptHandler     text71       006FE
__end_of_IOCBF7_ISR                         text69       005B1
__end_of_IOCBF7_SetInterruptHandler         text6        00685
__end_of_OSCILLATOR_Initialize              text7        0060F
__end_of_PIN_MANAGER_IOC                    text68       00662
__end_of_PIN_MANAGER_Initialize             text5        003E2
__end_of_PWM4_Initialize                    text4        00647
__end_of_PWM4_LoadDutyValue                 text13       004AB
__end_of_SYSTEM_Initialize                  text1        0048F
__end_of_TMR2_Initialize                    text3        0066A
__end_of_WDT_Initialize                     text2        006D6
__end_of_WakeUpInterrupt                    text75       0063D
__end_of__initialization                    cinit        0002C
__end_of_i2c1_fsmStateTable                 stringtext1  00454
__end_of_main                               maintext     00218
__end_of_rd1RegCompleteHandler              text52       0057F
__end_of_rd2RegCompleteHandler              text51       0056C
__end_of_rdBlkRegCompleteHandler            text49       00519
__end_of_wr1RegCompleteHandler              text50       00559
__end_of_wr2RegCompleteHandler              text53       00592
__end_ofi1_EPWM2_LoadDutyValue              text76       00530
__initialization                            cinit        00021
__pbssBANK0                                 bssBANK0     00020
__pbssCOMMON                                bssCOMMON    00077
__pcstackBANK0                              cstackBANK0  0003D
__pcstackCOMMON                             cstackCOMMON 00070
__pintentry                                 intentry     00004
__pmaintext                                 maintext     00030
__pnvBANK0                                  nvBANK0      00054
__pstringtext1                              stringtext1  00434
__ptext1                                    text1        00473
__ptext10                                   text10       00691
__ptext11                                   text11       005B1
__ptext12                                   text12       005BF
__ptext13                                   text13       0048F
__ptext14                                   text14       00326
__ptext15                                   text15       002EF
__ptext16                                   text16       005CD
__ptext17                                   text17       002B5
__ptext18                                   text18       005E9
__ptext19                                   text19       00696
__ptext2                                    text2        006D2
__ptext20                                   text20       00454
__ptext21                                   text21       005F6
__ptext22                                   text22       00685
__ptext23                                   text23       003E2
__ptext24                                   text24       0038A
__ptext25                                   text25       0069B
__ptext26                                   text26       006A0
__ptext27                                   text27       006A5
__ptext28                                   text28       006AA
__ptext29                                   text29       006AF
__ptext3                                    text3        00662
__ptext30                                   text30       006B4
__ptext31                                   text31       006B9
__ptext32                                   text32       006BE
__ptext33                                   text33       00672
__ptext34                                   text34       0026E
__ptext35                                   text35       00218
__ptext36                                   text36       0066A
__ptext37                                   text37       00650
__ptext38                                   text38       006C3
__ptext39                                   text39       0035A
__ptext4                                    text4        0063D
__ptext40                                   text40       006DE
__ptext41                                   text41       0068B
__ptext42                                   text42       006C8
__ptext43                                   text43       006D6
__ptext44                                   text44       006E1
__ptext45                                   text45       006DA
__ptext46                                   text46       006E4
__ptext47                                   text47       006F9
__ptext48                                   text48       006FB
__ptext49                                   text49       004FF
__ptext5                                    text5        003B7
__ptext50                                   text50       00546
__ptext51                                   text51       00559
__ptext52                                   text52       0056C
__ptext53                                   text53       0057F
__ptext54                                   text54       005DB
__ptext55                                   text55       0040D
__ptext56                                   text56       00592
__ptext57                                   text57       006E7
__ptext58                                   text58       006EA
__ptext59                                   text59       006ED
__ptext6                                    text6        0067F
__ptext60                                   text60       004AB
__ptext61                                   text61       006F0
__ptext62                                   text62       006F3
__ptext63                                   text63       006F6
__ptext64                                   text64       004C7
__ptext65                                   text65       004E3
__ptext66                                   text66       00530
__ptext68                                   text68       00659
__ptext69                                   text69       005A2
__ptext7                                    text7        00603
__ptext70                                   text70       00627
__ptext71                                   text71       006FD
__ptext72                                   text72       006CD
__ptext73                                   text73       0061B
__ptext74                                   text74       006FE
__ptext75                                   text75       00632
__ptext76                                   text76       00519
__ptext8                                    text8        00647
__ptext9                                    text9        0060F
__size_of_ButtonInterrupt                   (abs)        00000
__size_of_DELAY_milliseconds                (abs)        00000
__size_of_EPWM1_Initialize                  (abs)        00000
__size_of_EPWM1_LoadDutyValue               (abs)        00000
__size_of_EPWM2_Initialize                  (abs)        00000
__size_of_EPWM2_LoadDutyValue               (abs)        00000
__size_of_EXT_INT_Initialize                (abs)        00000
__size_of_I2C1_CallbackReturnReset          (abs)        00000
__size_of_I2C1_CallbackReturnStop           (abs)        00000
__size_of_I2C1_Close                        (abs)        00000
__size_of_I2C1_DO_ADDRESS_NACK              (abs)        00000
__size_of_I2C1_DO_IDLE                      (abs)        00000
__size_of_I2C1_DO_RCEN                      (abs)        00000
__size_of_I2C1_DO_RESET                     (abs)        00000
__size_of_I2C1_DO_RX                        (abs)        00000
__size_of_I2C1_DO_RX_ACK                    (abs)        00000
__size_of_I2C1_DO_RX_NACK_RESTART           (abs)        00000
__size_of_I2C1_DO_RX_NACK_STOP              (abs)        00000
__size_of_I2C1_DO_SEND_ADR_READ             (abs)        00000
__size_of_I2C1_DO_SEND_ADR_WRITE            (abs)        00000
__size_of_I2C1_DO_SEND_RESTART              (abs)        00000
__size_of_I2C1_DO_SEND_RESTART_READ         (abs)        00000
__size_of_I2C1_DO_SEND_RESTART_WRITE        (abs)        00000
__size_of_I2C1_DO_SEND_STOP                 (abs)        00000
__size_of_I2C1_DO_TX                        (abs)        00000
__size_of_I2C1_DO_TX_EMPTY                  (abs)        00000
__size_of_I2C1_Initialize                   (abs)        00000
__size_of_I2C1_MasterClearIrq               (abs)        00000
__size_of_I2C1_MasterClose                  (abs)        00000
__size_of_I2C1_MasterDisableIrq             (abs)        00000
__size_of_I2C1_MasterEnableRestart          (abs)        00000
__size_of_I2C1_MasterFsm                    (abs)        00000
__size_of_I2C1_MasterGetRxData              (abs)        00000
__size_of_I2C1_MasterIsNack                 (abs)        00000
__size_of_I2C1_MasterOpen                   (abs)        00000
__size_of_I2C1_MasterOperation              (abs)        00000
__size_of_I2C1_MasterSendAck                (abs)        00000
__size_of_I2C1_MasterSendNack               (abs)        00000
__size_of_I2C1_MasterSendTxData             (abs)        00000
__size_of_I2C1_MasterSetIrq                 (abs)        00000
__size_of_I2C1_MasterStart                  (abs)        00000
__size_of_I2C1_MasterStartRx                (abs)        00000
__size_of_I2C1_MasterStop                   (abs)        00000
__size_of_I2C1_MasterWaitForEvent           (abs)        00000
__size_of_I2C1_MasterWrite                  (abs)        00000
__size_of_I2C1_Open                         (abs)        00000
__size_of_I2C1_Poller                       (abs)        00000
__size_of_I2C1_Read1ByteRegister            (abs)        00000
__size_of_I2C1_SetAddressNackCallback       (abs)        00000
__size_of_I2C1_SetBuffer                    (abs)        00000
__size_of_I2C1_SetCallback                  (abs)        00000
__size_of_I2C1_SetDataCompleteCallback      (abs)        00000
__size_of_I2C1_Write1ByteRegister           (abs)        00000
__size_of_INTERRUPT_InterruptManager        (abs)        00000
__size_of_INT_CallBack                      (abs)        00000
__size_of_INT_DefaultInterruptHandler       (abs)        00000
__size_of_INT_ISR                           (abs)        00000
__size_of_INT_SetInterruptHandler           (abs)        00000
__size_of_IOCBF7_DefaultInterruptHandler    (abs)        00000
__size_of_IOCBF7_ISR                        (abs)        00000
__size_of_IOCBF7_SetInterruptHandler        (abs)        00000
__size_of_OSCILLATOR_Initialize             (abs)        00000
__size_of_PIN_MANAGER_IOC                   (abs)        00000
__size_of_PIN_MANAGER_Initialize            (abs)        00000
__size_of_PWM4_Initialize                   (abs)        00000
__size_of_PWM4_LoadDutyValue                (abs)        00000
__size_of_SYSTEM_Initialize                 (abs)        00000
__size_of_TMR2_Initialize                   (abs)        00000
__size_of_WDT_Initialize                    (abs)        00000
__size_of_WakeUpInterrupt                   (abs)        00000
__size_of_main                              (abs)        00000
__size_of_rd1RegCompleteHandler             (abs)        00000
__size_of_rd2RegCompleteHandler             (abs)        00000
__size_of_rdBlkRegCompleteHandler           (abs)        00000
__size_of_wr1RegCompleteHandler             (abs)        00000
__size_of_wr2RegCompleteHandler             (abs)        00000
__size_ofi1_EPWM2_LoadDutyValue             (abs)        00000
_i2c1_fsmStateTable                         stringtext1  00434
_intensity_red                              bssCOMMON    00079
_main                                       maintext     00030
_rd1RegCompleteHandler                      text52       0056C
_rd2RegCompleteHandler                      text51       00559
_rdBlkRegCompleteHandler                    text49       004FF
_wr1RegCompleteHandler                      text50       00546
_wr2RegCompleteHandler                      text53       0057F
btemp                                       (abs)        0007E
clear_ram0                                  clrtext      00679
end_of_initialization                       cinit        0002C
i1EPWM2_LoadDutyValue@dutyValue             cstackCOMMON 00070
i1_EPWM2_LoadDutyValue                      text76       00519
int$flags                                   (abs)        0007E
intlevel0                                   functab      00000
intlevel1                                   functab      00000
intlevel2                                   functab      00000
intlevel3                                   functab      00000
intlevel4                                   functab      00000
intlevel5                                   functab      00000
main@data                                   cstackBANK0  00053
rd1RegCompleteHandler@ptr                   cstackBANK0  00043
rd2RegCompleteHandler@ptr                   cstackBANK0  00043
rdBlkRegCompleteHandler@ptr                 cstackBANK0  00043
reset_vec                                   reset_vec    00000
start                                       init         0001F
start_initialization                        cinit        00021
wr1RegCompleteHandler@ptr                   cstackBANK0  00043
wr2RegCompleteHandler@ptr                   cstackBANK0  00043
wtemp0                                      (abs)        0007E


MODULE INFORMATION

Module		Function		Class		Link	Load	Size
mcc_generated_files/examples/i2c1_master_example.c
		_wr1RegCompleteHandler		CODE           	0546	0000	19
		_wr2RegCompleteHandler		CODE           	057F	0000	19
		_I2C1_Write1ByteRegister		CODE           	0326	0000	52
		_rdBlkRegCompleteHandler		CODE           	04FF	0000	26
		_rd1RegCompleteHandler		CODE           	056C	0000	19
		_rd2RegCompleteHandler		CODE           	0559	0000	19
		_I2C1_Read1ByteRegister		CODE           	02EF	0000	55

mcc_generated_files/examples/i2c1_master_example.c estimated size: 209

mcc_generated_files/i2c1_master.c
		_I2C1_DO_SEND_RESTART		CODE           	06B4	0000	5
		_I2C1_DO_TX_EMPTY		CODE           	035A	0000	48
		_I2C1_DO_SEND_RESTART_READ		CODE           	06BE	0000	5
		_I2C1_CallbackReturnStop		CODE           	06FB	0000	2
		_I2C1_DO_RX    		CODE           	026E	0000	71
		_I2C1_DO_TX    		CODE           	0218	0000	86
		_I2C1_SetAddressNackCallback		CODE           	05CD	0000	14
		_I2C1_DO_IDLE  		CODE           	06C3	0000	5
		_I2C1_MasterOpen		CODE           	05E9	0000	13
		_I2C1_DO_RCEN  		CODE           	0672	0000	7
		_I2C1_MasterSendTxData		CODE           	06C8	0000	5
		_I2C1_MasterStop		CODE           	06E7	0000	3
		_I2C1_CallbackReturnReset		CODE           	06F9	0000	2
		_I2C1_DO_RESET 		CODE           	069B	0000	5
		_I2C1_MasterStartRx		CODE           	06E4	0000	3
		_I2C1_Poller   		CODE           	05F6	0000	13
		_I2C1_DO_RX_ACK		CODE           	06AA	0000	5
		_I2C1_MasterWaitForEvent		CODE           	0685	0000	6
		_I2C1_MasterSendNack		CODE           	06DA	0000	4
		_I2C1_DO_RX_NACK_RESTART		CODE           	06A0	0000	5
		_I2C1_MasterDisableIrq		CODE           	06F0	0000	3
		_I2C1_MasterOperation		CODE           	0454	0000	31
		_I2C1_SetCallback		CODE           	040D	0000	39
		_I2C1_MasterEnableRestart		CODE           	06EA	0000	3
		_I2C1_Open     		CODE           	02B5	0000	58
		_I2C1_DO_ADDRESS_NACK		CODE           	038A	0000	45
		_I2C1_SetBuffer		CODE           	0592	0000	16
		_I2C1_DO_SEND_RESTART_WRITE		CODE           	06B9	0000	5
		_I2C1_MasterClose		CODE           	06F3	0000	3
		_I2C1_MasterWrite		CODE           	0696	0000	5
		_I2C1_Initialize		CODE           	0647	0000	9
		_I2C1_Close    		CODE           	04AB	0000	28
		_I2C1_MasterIsNack		CODE           	068B	0000	6
		_I2C1_MasterStart		CODE           	06ED	0000	3
		_I2C1_DO_SEND_ADR_WRITE		CODE           	066A	0000	8
		_I2C1_MasterClearIrq		CODE           	06F6	0000	3
		_I2C1_SetDataCompleteCallback		CODE           	05DB	0000	14
		_I2C1_DO_SEND_STOP		CODE           	06AF	0000	5
		_I2C1_MasterSendAck		CODE           	06D6	0000	4
		_I2C1_MasterFsm		CODE           	03E2	0000	43
		_I2C1_MasterGetRxData		CODE           	06E1	0000	3
		_I2C1_MasterSetIrq		CODE           	06DE	0000	3
		_I2C1_DO_SEND_ADR_READ		CODE           	0650	0000	9
		_I2C1_DO_RX_NACK_STOP		CODE           	06A5	0000	5

mcc_generated_files/i2c1_master.c estimated size: 658

mcc_generated_files/pwm4.c
		_PWM4_Initialize		CODE           	063D	0000	10
		_PWM4_LoadDutyValue		CODE           	048F	0000	28

mcc_generated_files/pwm4.c estimated size: 38

mcc_generated_files/tmr2.c
		_TMR2_Initialize		CODE           	0662	0000	8

mcc_generated_files/tmr2.c estimated size: 8

mcc_generated_files/interrupt_manager.c
		_INTERRUPT_InterruptManager		CODE           	0004	0000	27

mcc_generated_files/interrupt_manager.c estimated size: 27

mcc_generated_files/epwm2.c
		_EPWM2_LoadDutyValue		CODE           	04C7	0000	28
		_EPWM2_Initialize		CODE           	05B1	0000	14

mcc_generated_files/epwm2.c estimated size: 42

mcc_generated_files/pin_manager.c
		_PIN_MANAGER_Initialize		CODE           	03B7	0000	43
		_IOCBF7_DefaultInterruptHandler		CODE           	06FD	0000	1
		_IOCBF7_ISR    		CODE           	05A2	0000	15
		_PIN_MANAGER_IOC		CODE           	0659	0000	9
		_IOCBF7_SetInterruptHandler		CODE           	067F	0000	6

mcc_generated_files/pin_manager.c estimated size: 74

mcc_generated_files/ext_int.c
		_INT_DefaultInterruptHandler		CODE           	06FE	0000	1
		_EXT_INT_Initialize		CODE           	060F	0000	12
		_INT_SetInterruptHandler		CODE           	0691	0000	5
		_INT_CallBack  		CODE           	061B	0000	12
		_INT_ISR       		CODE           	06CD	0000	5

mcc_generated_files/ext_int.c estimated size: 35

shared
		__initialization		CODE           	0021	0000	11
		_i2c1_fsmStateTable		STRCODE        	0434	0000	32
		i1_EPWM2_LoadDutyValue		CODE           	0519	0000	23

shared estimated size: 66

mcc_generated_files/mcc.c
		_WDT_Initialize		CODE           	06D2	0000	4
		_OSCILLATOR_Initialize		CODE           	0603	0000	12
		_SYSTEM_Initialize		CODE           	0473	0000	28

mcc_generated_files/mcc.c estimated size: 44

mcc_generated_files/epwm1.c
		_EPWM1_LoadDutyValue		CODE           	04E3	0000	28
		_EPWM1_Initialize		CODE           	05BF	0000	14

mcc_generated_files/epwm1.c estimated size: 42

mcc_generated_files/delay.c
		_DELAY_milliseconds		CODE           	0530	0000	22

mcc_generated_files/delay.c estimated size: 22

main.c
		_ButtonInterrupt		CODE           	0627	0000	11
		_main          		CODE           	0030	0000	488
		_WakeUpInterrupt		CODE           	0632	0000	11

main.c estimated size: 510

