Microchip MPLAB XC8 Compiler V2.32

Linker command line:

-W-3 --edf=C:\Program Files\Microchip\xc8\v2.32\pic\dat\en_msgs.txt -cn \
  -h+dist/default/debug\Tiny.X.debug.sym \
  --cmf=dist/default/debug\Tiny.X.debug.cmf -z -Q16LF1829 \
  -oC:\Users\robotp\AppData\Local\Temp\xcAsl4g.5 --defsym=__MPLAB_BUILD=1 \
  -Mdist/default/debug/Tiny.X.debug.map -E1 -ver=XC8 Compiler --acfsm=1493 \
  -ASTACK=0203Eh-023EFh -pstack=STACK -ACODE=00h-07FFhx4 \
  -ASTRCODE=00h-01FFFh -ASTRING=00h-0FFhx32 -ACONST=00h-0FFhx32 \
  -AENTRY=00h-0FFhx32 -ACOMMON=070h-07Fh -ABANK0=020h-06Fh \
  -ABANK1=0A0h-0EFh -ABANK2=0120h-016Fh -ABANK3=01A0h-01EFh \
  -ABANK4=0220h-026Fh -ABANK5=02A0h-02EFh -ABANK6=0320h-036Fh \
  -ABANK7=03A0h-03EFh -ABANK8=0420h-046Fh -ABANK9=04A0h-04EFh \
  -ABANK10=0520h-056Fh -ABANK11=05A0h-05EFh -ABANK12=0620h-064Fh \
  -ABIGRAM=02000h-023EFh \
  -ARAM=020h-06Fh,0A0h-0EFh,0120h-016Fh,01A0h-01EFh,0220h-026Fh,02A0h-02EFh,0320h-036Fh,03A0h-03EFh,0420h-046Fh,04A0h-04EFh,0520h-056Fh,05A0h-05EFh,0620h-064Fh \
  -AABS1=020h-07Fh,0A0h-0EFh,0120h-016Fh,01A0h-01EFh,0220h-026Fh,02A0h-02EFh,0320h-036Fh,03A0h-03EFh,0420h-046Fh,04A0h-04EFh,0520h-056Fh,05A0h-05EFh,0620h-064Fh \
  -ASFR0=00h-01Fh -ASFR1=080h-09Fh -ASFR2=0100h-011Fh -ASFR3=0180h-019Fh \
  -ASFR4=0200h-021Fh -ASFR5=0280h-029Fh -ASFR6=0300h-031Fh \
  -ASFR7=0380h-039Fh -ASFR8=0400h-041Fh -ASFR9=0480h-049Fh \
  -ASFR10=0500h-051Fh -ASFR11=0580h-059Fh -ASFR12=0600h-061Fh \
  -ASFR13=0680h-06EFh -ASFR14=0700h-076Fh -ASFR15=0780h-07EFh \
  -ASFR16=0800h-086Fh -ASFR17=0880h-08EFh -ASFR18=0900h-096Fh \
  -ASFR19=0980h-09EFh -ASFR20=0A00h-0A6Fh -ASFR21=0A80h-0AEFh \
  -ASFR22=0B00h-0B6Fh -ASFR23=0B80h-0BEFh -ASFR24=0C00h-0C6Fh \
  -ASFR25=0C80h-0CEFh -ASFR26=0D00h-0D6Fh -ASFR27=0D80h-0DEFh \
  -ASFR28=0E00h-0E6Fh -ASFR29=0E80h-0EEFh -ASFR30=0F00h-0F6Fh \
  -ASFR31=0F80h-0FEFh -ACONFIG=08007h-08008h -DCONFIG=2 \
  -AIDLOC=08000h-08003h -DIDLOC=2 -AEEDATA=00h-0FFh/0F000h \
  -peeprom_data=EEDATA -DEEDATA=2 -DCODE=2 -DSTRCODE=2 -DSTRING=2 -DCONST=2 \
  -DENTRY=2 -preset_vec=00h,intentry=04h,init,end_init -ppowerup=CODE \
  -pcinit=CODE -pfunctab=ENTRY -k \
  C:\Users\robotp\AppData\Local\Temp\xcAsl4g.o \
  dist/default/debug\Tiny.X.debug.o 

Object code version is 3.11

Machine type is 16LF1829



                Name                               Link     Load   Length Selector   Space Scale
C:\Users\robotp\AppData\Local\Temp\xcAsl4g.o
                end_init                             32       32        2        8       0
                reset_vec                             0        0        2        0       0
                config                             8007     8007        2        0       4
dist/default/debug\Tiny.X.debug.o
                cinit                                34       34        E        8       0
                intentry                              4        4       2E        8       0
                config                             8007     8007        2        0       4
                text87                              7A8      7A8        1      8FE       0
                text86                              7A7      7A7        1      8FE       0
                text85                              6B9      6B9        D      8FE       0
                text84                              76A      76A        5      8FE       0
                text83                              5A4      5A4       16      8FE       0
                text82                              58D      58D       17      8FE       0
                text81                              576      576       17      8FE       0
                text80                              55F      55F       17      8FE       0
                text79                              16C      16C       D2        8       0
                text78                              7A6      7A6        1      8FE       0
                text77                              77F      77F        4      8FE       0
                text76                              677      677        E      8FE       0
                text75                              6EE      6EE        9      8FE       0
                text74                              79E      79E        3      8FE       0
                text73                              77B      77B        4      8FE       0
                text72                              7A5      7A5        1      8FE       0
                text71                              6AC      6AC        D      8FE       0
                text70                              5BA      5BA       15      8FE       0
                text68                              547      547       18      8FE       0
                text67                              511      511       1C      8FE       0
                text66                              4F5      4F5       1C      8FE       0
                text65                              79B      79B        3      8FE       0
                text64                              798      798        3      8FE       0
                text63                              795      795        3      8FE       0
                text62                              4D9      4D9       1C      8FE       0
                text61                              792      792        3      8FE       0
                text60                              78F      78F        3      8FE       0
                text59                              78C      78C        3      8FE       0
                text58                              62F      62F       10      8FE       0
                text57                              438      438       27        8       0
                text56                              669      669        E      8FE       0
                text55                              61C      61C       13      8FE       0
                text54                              609      609       13      8FE       0
                text53                              5F6      5F6       13      8FE       0
                text52                              5E3      5E3       13      8FE       0
                text51                              52D      52D       1A      8FE       0
                text50                              7A3      7A3        2      8FE       0
                text49                              7A1      7A1        2      8FE       0
                text48                              789      789        3      8FE       0
                text47                              777      777        4      8FE       0
                text46                              786      786        3      8FE       0
                text45                              773      773        4      8FE       0
                text44                              732      732        6      8FE       0
                text43                              72C      72C        6      8FE       0
                text42                              783      783        3      8FE       0
                text41                              383      383       30        8       0
                text40                              765      765        5      8FE       0
                text39                              6E5      6E5        9      8FE       0
                text38                              6FF      6FF        8      8FE       0
                text37                              23E      23E       56        8       0
                text36                              294      294       47        8       0
                text35                              707      707        7      8FE       0
                text34                              760      760        5      8FE       0
                text33                              75B      75B        5      8FE       0
                text32                              756      756        5      8FE       0
                text31                              751      751        5      8FE       0
                text30                              74C      74C        5      8FE       0
                text29                              747      747        5      8FE       0
                text28                              742      742        5      8FE       0
                text27                              73D      73D        5      8FE       0
                text26                              3E0      3E0       2D        8       0
                text25                              40D      40D       2B        8       0
                text24                              726      726        6      8FE       0
                text23                              69F      69F        D      8FE       0
                text22                              49E      49E       1F      8FE       0
                text21                              738      738        5      8FE       0
                text20                              692      692        D      8FE       0
                text19                              2DB      2DB       3B        8       0
                text18                              65B      65B        E      8FE       0
                text17                              316      316       38        8       0
                text16                              34E      34E       35        8       0
                text15                              4BD      4BD       1C      8FE       0
                text14                              64D      64D        E      8FE       0
                text13                              63F      63F        E      8FE       0
                text12                              720      720        6      8FE       0
                text11                              685      685        D      8FE       0
                text10                              6DC      6DC        9      8FE       0
                text9                               6C6      6C6        C      8FE       0
                text8                               71A      71A        6      8FE       0
                text7                               3B3      3B3       2D        8       0
                text6                               6D2      6D2        A      8FE       0
                text5                               6F7      6F7        8      8FE       0
                text4                               714      714        6      8FE       0
                text3                               5CF      5CF       14      8FE       0
                text2                               76F      76F        4      8FE       0
                text1                               47F      47F       1F      8FE       0
                maintext                             42       42      12A        8       0
                cstackBANK0                          41       41       1D       20       1
                cstackCOMMON                         70       70        7       70       1
                clrtext                             70E      70E        6      8FE       0
                bssBANK0                             20       20       21       20       1
                bssCOMMON                            79       79        2       70       1
                nvCOMMON                             77       77        2       70       1
                stringtext1                         45F      45F       20      8BE       0

TOTAL           Name                               Link     Load   Length     Space
        CLASS   STACK          

        CLASS   CODE           
                end_init                             32       32        2         0
                cinit                                34       34        E         0
                intentry                              4        4       2E         0
                reset_vec                             0        0        2         0
                text87                              7A8      7A8        1         0
                text86                              7A7      7A7        1         0
                text85                              6B9      6B9        D         0
                text84                              76A      76A        5         0
                text83                              5A4      5A4       16         0
                text82                              58D      58D       17         0
                text81                              576      576       17         0
                text80                              55F      55F       17         0
                text79                              16C      16C       D2         0
                text78                              7A6      7A6        1         0
                text77                              77F      77F        4         0
                text76                              677      677        E         0
                text75                              6EE      6EE        9         0
                text74                              79E      79E        3         0
                text73                              77B      77B        4         0
                text72                              7A5      7A5        1         0
                text71                              6AC      6AC        D         0
                text70                              5BA      5BA       15         0
                text68                              547      547       18         0
                text67                              511      511       1C         0
                text66                              4F5      4F5       1C         0
                text65                              79B      79B        3         0
                text64                              798      798        3         0
                text63                              795      795        3         0
                text62                              4D9      4D9       1C         0
                text61                              792      792        3         0
                text60                              78F      78F        3         0
                text59                              78C      78C        3         0
                text58                              62F      62F       10         0
                text57                              438      438       27         0
                text56                              669      669        E         0
                text55                              61C      61C       13         0
                text54                              609      609       13         0
                text53                              5F6      5F6       13         0
                text52                              5E3      5E3       13         0
                text51                              52D      52D       1A         0
                text50                              7A3      7A3        2         0
                text49                              7A1      7A1        2         0
                text48                              789      789        3         0
                text47                              777      777        4         0
                text46                              786      786        3         0
                text45                              773      773        4         0
                text44                              732      732        6         0
                text43                              72C      72C        6         0
                text42                              783      783        3         0
                text41                              383      383       30         0
                text40                              765      765        5         0
                text39                              6E5      6E5        9         0
                text38                              6FF      6FF        8         0
                text37                              23E      23E       56         0
                text36                              294      294       47         0
                text35                              707      707        7         0
                text34                              760      760        5         0
                text33                              75B      75B        5         0
                text32                              756      756        5         0
                text31                              751      751        5         0
                text30                              74C      74C        5         0
                text29                              747      747        5         0
                text28                              742      742        5         0
                text27                              73D      73D        5         0
                text26                              3E0      3E0       2D         0
                text25                              40D      40D       2B         0
                text24                              726      726        6         0
                text23                              69F      69F        D         0
                text22                              49E      49E       1F         0
                text21                              738      738        5         0
                text20                              692      692        D         0
                text19                              2DB      2DB       3B         0
                text18                              65B      65B        E         0
                text17                              316      316       38         0
                text16                              34E      34E       35         0
                text15                              4BD      4BD       1C         0
                text14                              64D      64D        E         0
                text13                              63F      63F        E         0
                text12                              720      720        6         0
                text11                              685      685        D         0
                text10                              6DC      6DC        9         0
                text9                               6C6      6C6        C         0
                text8                               71A      71A        6         0
                text7                               3B3      3B3       2D         0
                text6                               6D2      6D2        A         0
                text5                               6F7      6F7        8         0
                text4                               714      714        6         0
                text3                               5CF      5CF       14         0
                text2                               76F      76F        4         0
                text1                               47F      47F       1F         0
                maintext                             42       42      12A         0
                clrtext                             70E      70E        6         0

        CLASS   STRCODE        
                stringtext1                         45F      45F       20         0

        CLASS   STRING         

        CLASS   CONST          

        CLASS   ENTRY          

        CLASS   COMMON         
                cstackCOMMON                         70       70        7         1
                bssCOMMON                            79       79        2         1
                nvCOMMON                             77       77        2         1

        CLASS   BANK0          
                cstackBANK0                          41       41       1D         1
                bssBANK0                             20       20       21         1

        CLASS   BANK1          

        CLASS   BANK2          

        CLASS   BANK3          

        CLASS   BANK4          

        CLASS   BANK5          

        CLASS   BANK6          

        CLASS   BANK7          

        CLASS   BANK8          

        CLASS   BANK9          

        CLASS   BANK10         

        CLASS   BANK11         

        CLASS   BANK12         

        CLASS   BIGRAM         

        CLASS   RAM            

        CLASS   ABS1           
                abs_s1                               7E       7E        2         1

        CLASS   SFR0           

        CLASS   SFR1           

        CLASS   SFR2           

        CLASS   SFR3           

        CLASS   SFR4           

        CLASS   SFR5           

        CLASS   SFR6           

        CLASS   SFR7           

        CLASS   SFR8           

        CLASS   SFR9           

        CLASS   SFR10          

        CLASS   SFR11          

        CLASS   SFR12          

        CLASS   SFR13          

        CLASS   SFR14          

        CLASS   SFR15          

        CLASS   SFR16          

        CLASS   SFR17          

        CLASS   SFR18          

        CLASS   SFR19          

        CLASS   SFR20          

        CLASS   SFR21          

        CLASS   SFR22          

        CLASS   SFR23          

        CLASS   SFR24          

        CLASS   SFR25          

        CLASS   SFR26          

        CLASS   SFR27          

        CLASS   SFR28          

        CLASS   SFR29          

        CLASS   SFR30          

        CLASS   SFR31          

        CLASS   CONFIG         
                config                             8007     8007        2         4

        CLASS   IDLOC          

        CLASS   EEDATA         

        CLASS   BANK31         

        CLASS   BANK30         

        CLASS   BANK29         

        CLASS   BANK28         

        CLASS   BANK27         

        CLASS   BANK26         

        CLASS   BANK25         

        CLASS   BANK24         

        CLASS   BANK23         

        CLASS   BANK22         

        CLASS   BANK21         

        CLASS   BANK20         

        CLASS   BANK19         

        CLASS   BANK18         

        CLASS   BANK17         

        CLASS   BANK16         

        CLASS   BANK15         

        CLASS   BANK14         

        CLASS   BANK13         



SEGMENTS        Name                           Load    Length   Top    Selector   Space  Class     Delta

                reset_vec                      000000  000002  000002         0       0  CODE        2
                intentry                       000004  00045B  00045F         8       0  CODE        2
                bssBANK0                       000020  00003E  00005E        20       1  BANK0       1
                cstackCOMMON                   000070  00000B  00007B        70       1  COMMON      1
                stringtext1                    00045F  000020  00047F       8BE       0  STRCODE     2
                text1                          00047F  00032A  0007A9       8FE       0  CODE        2


UNUSED ADDRESS RANGES

        Name                Unused          Largest block    Delta
        BANK0            0005E-0006F              12           1
        BANK1            000A0-000EF              50           1
        BANK10           00520-0056F              50           1
        BANK11           005A0-005EF              50           1
        BANK12           00620-0064F              30           1
        BANK2            00120-0016F              50           1
        BANK3            001A0-001EF              50           1
        BANK4            00220-0026F              50           1
        BANK5            002A0-002EF              50           1
        BANK6            00320-0036F              50           1
        BANK7            003A0-003EF              50           1
        BANK8            00420-0046F              50           1
        BANK9            004A0-004EF              50           1
        BIGRAM           02000-023EF             3F0           1
        CODE             00002-00003               2           2
                         007A9-01FFF             800
        COMMON           0007B-0007D               3           1
        CONST            00002-00003               2           2
                         007A9-01FFF             100
        EEDATA           0F000-0F0FF             100           2
        ENTRY            00002-00003               2           2
                         007A9-01FFF             100
        IDLOC            08000-08003               4           2
        RAM              0005E-0006F              12           1
                         000A0-000EF              50
                         00120-0016F              50
                         001A0-001EF              50
                         00220-0026F              50
                         002A0-002EF              50
                         00320-0036F              50
                         003A0-003EF              50
                         00420-0046F              50
                         004A0-004EF              50
                         00520-0056F              50
                         005A0-005EF              50
                         00620-0064F              30
        SFR0             00000-0001F              20           1
        SFR1             00080-0009F              20           1
        SFR10            00500-0051F              20           1
        SFR11            00580-0059F              20           1
        SFR12            00600-0061F              20           1
        SFR13            00680-006EF              70           1
        SFR14            00700-0076F              70           1
        SFR15            00780-007EF              70           1
        SFR16            00800-0086F              70           1
        SFR17            00880-008EF              70           1
        SFR18            00900-0096F              70           1
        SFR19            00980-009EF              70           1
        SFR2             00100-0011F              20           1
        SFR20            00A00-00A6F              70           1
        SFR21            00A80-00AEF              70           1
        SFR22            00B00-00B6F              70           1
        SFR23            00B80-00BEF              70           1
        SFR24            00C00-00C6F              70           1
        SFR25            00C80-00CEF              70           1
        SFR26            00D00-00D6F              70           1
        SFR27            00D80-00DEF              70           1
        SFR28            00E00-00E6F              70           1
        SFR29            00E80-00EEF              70           1
        SFR3             00180-0019F              20           1
        SFR30            00F00-00F6F              70           1
        SFR31            00F80-00FEF              70           1
        SFR4             00200-0021F              20           1
        SFR5             00280-0029F              20           1
        SFR6             00300-0031F              20           1
        SFR7             00380-0039F              20           1
        SFR8             00400-0041F              20           1
        SFR9             00480-0049F              20           1
        STACK            0203E-023EF             3B2           1
        STRCODE          00002-00003               2           2
                         007A9-01FFF            1857
        STRING           00002-00003               2           2
                         007A9-01FFF             100

                                  Symbol Table

DELAY_milliseconds@milliseconds             cstackBANK0  00041
EPWM1_LoadDutyValue@dutyValue               cstackBANK0  00041
EPWM2_LoadDutyValue@dutyValue               cstackBANK0  00041
I2C1_CallbackReturnReset@funPtr             cstackBANK0  0004A
I2C1_Close@returnValue                      cstackBANK0  00042
I2C1_MasterOperation@read                   cstackBANK0  00052
I2C1_MasterOperation@returnValue            cstackBANK0  00053
I2C1_MasterSendTxData@data                  cstackBANK0  00041
I2C1_Open@address                           cstackBANK0  00042
I2C1_Open@returnValue                       cstackBANK0  00043
I2C1_Read1ByteRegister@address              cstackBANK0  00056
I2C1_Read1ByteRegister@reg                  cstackBANK0  00054
I2C1_Read1ByteRegister@returnValue          cstackBANK0  00057
I2C1_SetAddressNackCallback@cb              cstackBANK0  00046
I2C1_SetAddressNackCallback@ptr             cstackBANK0  00048
I2C1_SetBuffer@buffer                       cstackBANK0  00044
I2C1_SetBuffer@bufferSize                   cstackBANK0  00041
I2C1_SetCallback@cb                         cstackBANK0  00041
I2C1_SetCallback@idx                        cstackBANK0  00045
I2C1_SetCallback@ptr                        cstackBANK0  00043
I2C1_SetDataCompleteCallback@cb             cstackBANK0  00046
I2C1_SetDataCompleteCallback@ptr            cstackBANK0  00048
I2C1_Write1ByteRegister@address             cstackBANK0  00057
I2C1_Write1ByteRegister@data                cstackBANK0  00055
I2C1_Write1ByteRegister@reg                 cstackBANK0  00054
INT_SetInterruptHandler@InterruptHandler    cstackBANK0  00041
IOCBF7_SetInterruptHandler@InterruptHandler cstackBANK0  00041
PWM4_LoadDutyValue@dutyValue                cstackBANK0  00041
TMR4_ISR@CountCallBack                      bssCOMMON    00079
TMR4_SetInterruptHandler@InterruptHandler   cstackBANK0  00041
_ANSELA                                     (abs)        0018C
_ANSELB                                     (abs)        0018D
_ANSELC                                     (abs)        0018E
_APFCON0                                    (abs)        0011D
_APFCON1                                    (abs)        0011E
_BORCON                                     (abs)        00116
_ButtonInterrupt                            text77       0077F
_CCP1CON                                    (abs)        00293
_CCP2AS                                     (abs)        0029C
_CCP2CON                                    (abs)        0029A
_CCP4CON                                    (abs)        0031A
_CCPR1H                                     (abs)        00292
_CCPR1L                                     (abs)        00291
_CCPR2H                                     (abs)        00299
_CCPR2L                                     (abs)        00298
_CCPR4H                                     (abs)        00319
_CCPR4L                                     (abs)        00318
_CCPTMRSbits                                (abs)        0029E
_DELAY_milliseconds                         text68       00547
_ECCP1AS                                    (abs)        00295
_EEADRH                                     (abs)        00192
_EEADRL                                     (abs)        00191
_EECON1bits                                 (abs)        00195
_EECON2                                     (abs)        00196
_EEDATH                                     (abs)        00194
_EEDATL                                     (abs)        00193
_EPWM1_Initialize                           text14       0064D
_EPWM1_LoadDutyValue                        text67       00511
_EPWM2_Initialize                           text13       0063F
_EPWM2_LoadDutyValue                        text66       004F5
_EXT_INT_Initialize                         text11       00685
_I2C1_CallbackReturnReset                   text49       007A1
_I2C1_CallbackReturnStop                    text50       007A3
_I2C1_Close                                 text62       004D9
_I2C1_DO_ADDRESS_NACK                       text26       003E0
_I2C1_DO_IDLE                               text40       00765
_I2C1_DO_RCEN                               text35       00707
_I2C1_DO_RESET                              text27       0073D
_I2C1_DO_RX                                 text36       00294
_I2C1_DO_RX_ACK                             text30       0074C
_I2C1_DO_RX_NACK_RESTART                    text28       00742
_I2C1_DO_RX_NACK_STOP                       text29       00747
_I2C1_DO_SEND_ADR_READ                      text39       006E5
_I2C1_DO_SEND_ADR_WRITE                     text38       006FF
_I2C1_DO_SEND_RESTART                       text32       00756
_I2C1_DO_SEND_RESTART_READ                  text34       00760
_I2C1_DO_SEND_RESTART_WRITE                 text33       0075B
_I2C1_DO_SEND_STOP                          text31       00751
_I2C1_DO_TX                                 text37       0023E
_I2C1_DO_TX_EMPTY                           text41       00383
_I2C1_Initialize                            text10       006DC
_I2C1_MasterClearIrq                        text65       0079B
_I2C1_MasterClose                           text64       00798
_I2C1_MasterDisableIrq                      text63       00795
_I2C1_MasterEnableRestart                   text60       0078F
_I2C1_MasterFsm                             text25       0040D
_I2C1_MasterGetRxData                       text46       00786
_I2C1_MasterIsNack                          text43       0072C
_I2C1_MasterOpen                            text20       00692
_I2C1_MasterOperation                       text22       0049E
_I2C1_MasterSendAck                         text45       00773
_I2C1_MasterSendNack                        text47       00777
_I2C1_MasterSendTxData                      text44       00732
_I2C1_MasterSetIrq                          text42       00783
_I2C1_MasterStart                           text61       00792
_I2C1_MasterStartRx                         text48       00789
_I2C1_MasterStop                            text59       0078C
_I2C1_MasterWaitForEvent                    text24       00726
_I2C1_MasterWrite                           text21       00738
_I2C1_Open                                  text19       002DB
_I2C1_Poller                                text23       0069F
_I2C1_Read1ByteRegister                     text17       00316
_I2C1_SetAddressNackCallback                text18       0065B
_I2C1_SetBuffer                             text58       0062F
_I2C1_SetCallback                           text57       00438
_I2C1_SetDataCompleteCallback               text56       00669
_I2C1_Status                                bssBANK0     00020
_I2C1_Write1ByteRegister                    text16       0034E
_INTCONbits                                 (abs)        0000B
_INTERRUPT_InterruptManager                 intentry     00004
_INT_CallBack                               text85       006B9
_INT_DefaultInterruptHandler                text86       007A7
_INT_ISR                                    text84       0076A
_INT_InterruptHandler                       bssBANK0     0003F
_INT_SetInterruptHandler                    text12       00720
_IOCBF7_DefaultInterruptHandler             text78       007A6
_IOCBF7_ISR                                 text76       00677
_IOCBF7_InterruptHandler                    nvCOMMON     00077
_IOCBF7_SetInterruptHandler                 text8        0071A
_IOCBFbits                                  (abs)        00396
_IOCBNbits                                  (abs)        00395
_IOCBPbits                                  (abs)        00394
_LATA                                       (abs)        0010C
_LATB                                       (abs)        0010D
_LATC                                       (abs)        0010E
_OPTION_REGbits                             (abs)        00095
_OSCCON                                     (abs)        00099
_OSCILLATOR_Initialize                      text9        006C6
_OSCTUNE                                    (abs)        00098
_PIE1bits                                   (abs)        00091
_PIE3bits                                   (abs)        00093
_PIN_MANAGER_IOC                            text75       006EE
_PIN_MANAGER_Initialize                     text7        003B3
_PIR1bits                                   (abs)        00011
_PIR2bits                                   (abs)        00012
_PIR3bits                                   (abs)        00013
_PLLR                                       (abs)        004D6
_PR2                                        (abs)        0001B
_PR4                                        (abs)        00416
_PSTR1CON                                   (abs)        00296
_PSTR2CON                                   (abs)        0029D
_PWM1CON                                    (abs)        00294
_PWM2CON                                    (abs)        0029B
_PWM4_Initialize                            text6        006D2
_PWM4_LoadDutyValue                         text15       004BD
_SSP1ADD                                    (abs)        00212
_SSP1BUF                                    (abs)        00211
_SSP1CON1                                   (abs)        00215
_SSP1CON1bits                               (abs)        00215
_SSP1CON2                                   (abs)        00216
_SSP1CON2bits                               (abs)        00216
_SSP1STAT                                   (abs)        00214
_SSP1STATbits                               (abs)        00214
_SYSTEM_Initialize                          text1        0047F
_T2CON                                      (abs)        0001C
_T2CONbits                                  (abs)        0001C
_T4CON                                      (abs)        00417
_T4CONbits                                  (abs)        00417
_TMR2                                       (abs)        0001A
_TMR2_Initialize                            text5        006F7
_TMR4                                       (abs)        00415
_TMR4_CallBack                              text71       006AC
_TMR4_DefaultInterruptHandler               text72       007A5
_TMR4_ISR                                   text70       005BA
_TMR4_Initialize                            text3        005CF
_TMR4_InterruptHandler                      bssBANK0     0003D
_TMR4_SetInterruptHandler                   text4        00714
_TMR4_StopTimer                             text74       0079E
_TRISA                                      (abs)        0008C
_TRISB                                      (abs)        0008D
_TRISC                                      (abs)        0008E
_TimerInterrupt                             text73       0077B
_WDTCON                                     (abs)        00097
_WDT_Initialize                             text2        0076F
_WPUA                                       (abs)        0020C
_WPUB                                       (abs)        0020D
_WPUC                                       (abs)        0020E
_WakeUpInterrupt                            text87       007A8
__Habs1                                     abs1         00000
__Hbank0                                    bank0        00000
__Hbank1                                    bank1        00000
__Hbank10                                   bank10       00000
__Hbank11                                   bank11       00000
__Hbank12                                   bank12       00000
__Hbank13                                   bank13       00000
__Hbank14                                   bank14       00000
__Hbank15                                   bank15       00000
__Hbank16                                   bank16       00000
__Hbank17                                   bank17       00000
__Hbank18                                   bank18       00000
__Hbank19                                   bank19       00000
__Hbank2                                    bank2        00000
__Hbank20                                   bank20       00000
__Hbank21                                   bank21       00000
__Hbank22                                   bank22       00000
__Hbank23                                   bank23       00000
__Hbank24                                   bank24       00000
__Hbank25                                   bank25       00000
__Hbank26                                   bank26       00000
__Hbank27                                   bank27       00000
__Hbank28                                   bank28       00000
__Hbank29                                   bank29       00000
__Hbank3                                    bank3        00000
__Hbank30                                   bank30       00000
__Hbank31                                   bank31       00000
__Hbank4                                    bank4        00000
__Hbank5                                    bank5        00000
__Hbank6                                    bank6        00000
__Hbank7                                    bank7        00000
__Hbank8                                    bank8        00000
__Hbank9                                    bank9        00000
__Hbigram                                   bigram       00000
__HbssBANK0                                 bssBANK0     00000
__HbssCOMMON                                bssCOMMON    00000
__Hcinit                                    cinit        00042
__Hclrtext                                  clrtext      00000
__Hcode                                     code         00000
__Hcommon                                   common       00000
__Hconfig                                   config       08009
__HcstackBANK0                              cstackBANK0  00000
__HcstackCOMMON                             cstackCOMMON 00000
__Heeprom_data                              eeprom_data  00000
__Hend_init                                 end_init     00034
__Hfunctab                                  functab      00000
__Hinit                                     init         00032
__Hintentry                                 intentry     00032
__Hmaintext                                 maintext     00000
__HnvCOMMON                                 nvCOMMON     00000
__Hpowerup                                  powerup      00000
__Hram                                      ram          00000
__Hreset_vec                                reset_vec    00002
__Hsfr0                                     sfr0         00000
__Hsfr1                                     sfr1         00000
__Hsfr10                                    sfr10        00000
__Hsfr11                                    sfr11        00000
__Hsfr12                                    sfr12        00000
__Hsfr13                                    sfr13        00000
__Hsfr14                                    sfr14        00000
__Hsfr15                                    sfr15        00000
__Hsfr16                                    sfr16        00000
__Hsfr17                                    sfr17        00000
__Hsfr18                                    sfr18        00000
__Hsfr19                                    sfr19        00000
__Hsfr2                                     sfr2         00000
__Hsfr20                                    sfr20        00000
__Hsfr21                                    sfr21        00000
__Hsfr22                                    sfr22        00000
__Hsfr23                                    sfr23        00000
__Hsfr24                                    sfr24        00000
__Hsfr25                                    sfr25        00000
__Hsfr26                                    sfr26        00000
__Hsfr27                                    sfr27        00000
__Hsfr28                                    sfr28        00000
__Hsfr29                                    sfr29        00000
__Hsfr3                                     sfr3         00000
__Hsfr30                                    sfr30        00000
__Hsfr31                                    sfr31        00000
__Hsfr4                                     sfr4         00000
__Hsfr5                                     sfr5         00000
__Hsfr6                                     sfr6         00000
__Hsfr7                                     sfr7         00000
__Hsfr8                                     sfr8         00000
__Hsfr9                                     sfr9         00000
__Hspace_0                                  (abs)        007A9
__Hspace_1                                  (abs)        0007B
__Hspace_2                                  (abs)        00000
__Hspace_3                                  (abs)        00000
__Hspace_4                                  (abs)        10010
__Hstack                                    stack        00000
__Hstrings                                  strings      00000
__Hstringtext1                              stringtext1  00000
__Htext                                     text         00000
__Labs1                                     abs1         00000
__Lbank0                                    bank0        00000
__Lbank1                                    bank1        00000
__Lbank10                                   bank10       00000
__Lbank11                                   bank11       00000
__Lbank12                                   bank12       00000
__Lbank13                                   bank13       00000
__Lbank14                                   bank14       00000
__Lbank15                                   bank15       00000
__Lbank16                                   bank16       00000
__Lbank17                                   bank17       00000
__Lbank18                                   bank18       00000
__Lbank19                                   bank19       00000
__Lbank2                                    bank2        00000
__Lbank20                                   bank20       00000
__Lbank21                                   bank21       00000
__Lbank22                                   bank22       00000
__Lbank23                                   bank23       00000
__Lbank24                                   bank24       00000
__Lbank25                                   bank25       00000
__Lbank26                                   bank26       00000
__Lbank27                                   bank27       00000
__Lbank28                                   bank28       00000
__Lbank29                                   bank29       00000
__Lbank3                                    bank3        00000
__Lbank30                                   bank30       00000
__Lbank31                                   bank31       00000
__Lbank4                                    bank4        00000
__Lbank5                                    bank5        00000
__Lbank6                                    bank6        00000
__Lbank7                                    bank7        00000
__Lbank8                                    bank8        00000
__Lbank9                                    bank9        00000
__Lbigram                                   bigram       00000
__LbssBANK0                                 bssBANK0     00000
__LbssCOMMON                                bssCOMMON    00000
__Lcinit                                    cinit        00034
__Lclrtext                                  clrtext      00000
__Lcode                                     code         00000
__Lcommon                                   common       00000
__Lconfig                                   config       00000
__LcstackBANK0                              cstackBANK0  00000
__LcstackCOMMON                             cstackCOMMON 00000
__Leeprom_data                              eeprom_data  00000
__Lend_init                                 end_init     00032
__Lfunctab                                  functab      00000
__Linit                                     init         00032
__Lintentry                                 intentry     00004
__Lmaintext                                 maintext     00000
__LnvCOMMON                                 nvCOMMON     00000
__Lpowerup                                  powerup      00000
__Lram                                      ram          00000
__Lreset_vec                                reset_vec    00000
__Lsfr0                                     sfr0         00000
__Lsfr1                                     sfr1         00000
__Lsfr10                                    sfr10        00000
__Lsfr11                                    sfr11        00000
__Lsfr12                                    sfr12        00000
__Lsfr13                                    sfr13        00000
__Lsfr14                                    sfr14        00000
__Lsfr15                                    sfr15        00000
__Lsfr16                                    sfr16        00000
__Lsfr17                                    sfr17        00000
__Lsfr18                                    sfr18        00000
__Lsfr19                                    sfr19        00000
__Lsfr2                                     sfr2         00000
__Lsfr20                                    sfr20        00000
__Lsfr21                                    sfr21        00000
__Lsfr22                                    sfr22        00000
__Lsfr23                                    sfr23        00000
__Lsfr24                                    sfr24        00000
__Lsfr25                                    sfr25        00000
__Lsfr26                                    sfr26        00000
__Lsfr27                                    sfr27        00000
__Lsfr28                                    sfr28        00000
__Lsfr29                                    sfr29        00000
__Lsfr3                                     sfr3         00000
__Lsfr30                                    sfr30        00000
__Lsfr31                                    sfr31        00000
__Lsfr4                                     sfr4         00000
__Lsfr5                                     sfr5         00000
__Lsfr6                                     sfr6         00000
__Lsfr7                                     sfr7         00000
__Lsfr8                                     sfr8         00000
__Lsfr9                                     sfr9         00000
__Lspace_0                                  (abs)        00000
__Lspace_1                                  (abs)        00000
__Lspace_2                                  (abs)        00000
__Lspace_3                                  (abs)        00000
__Lspace_4                                  (abs)        00000
__Lstack                                    stack        00000
__Lstrings                                  strings      00000
__Lstringtext1                              stringtext1  00000
__Ltext                                     text         00000
__S0                                        (abs)        007A9
__S1                                        (abs)        0007B
__S2                                        (abs)        00000
__S3                                        (abs)        00000
___int_sp                                   stack        00000
___latbits                                  (abs)        00002
___sp                                       stack        00000
___stackhi                                  (abs)        023EF
___stacklo                                  (abs)        0203E
__end_of_ButtonInterrupt                    text77       00783
__end_of_DELAY_milliseconds                 text68       0055F
__end_of_EPWM1_Initialize                   text14       0065B
__end_of_EPWM1_LoadDutyValue                text67       0052D
__end_of_EPWM2_Initialize                   text13       0064D
__end_of_EPWM2_LoadDutyValue                text66       00511
__end_of_EXT_INT_Initialize                 text11       00692
__end_of_I2C1_CallbackReturnReset           text49       007A3
__end_of_I2C1_CallbackReturnStop            text50       007A5
__end_of_I2C1_Close                         text62       004F5
__end_of_I2C1_DO_ADDRESS_NACK               text26       0040D
__end_of_I2C1_DO_IDLE                       text40       0076A
__end_of_I2C1_DO_RCEN                       text35       0070E
__end_of_I2C1_DO_RESET                      text27       00742
__end_of_I2C1_DO_RX                         text36       002DB
__end_of_I2C1_DO_RX_ACK                     text30       00751
__end_of_I2C1_DO_RX_NACK_RESTART            text28       00747
__end_of_I2C1_DO_RX_NACK_STOP               text29       0074C
__end_of_I2C1_DO_SEND_ADR_READ              text39       006EE
__end_of_I2C1_DO_SEND_ADR_WRITE             text38       00707
__end_of_I2C1_DO_SEND_RESTART               text32       0075B
__end_of_I2C1_DO_SEND_RESTART_READ          text34       00765
__end_of_I2C1_DO_SEND_RESTART_WRITE         text33       00760
__end_of_I2C1_DO_SEND_STOP                  text31       00756
__end_of_I2C1_DO_TX                         text37       00294
__end_of_I2C1_DO_TX_EMPTY                   text41       003B3
__end_of_I2C1_Initialize                    text10       006E5
__end_of_I2C1_MasterClearIrq                text65       0079E
__end_of_I2C1_MasterClose                   text64       0079B
__end_of_I2C1_MasterDisableIrq              text63       00798
__end_of_I2C1_MasterEnableRestart           text60       00792
__end_of_I2C1_MasterFsm                     text25       00438
__end_of_I2C1_MasterGetRxData               text46       00789
__end_of_I2C1_MasterIsNack                  text43       00732
__end_of_I2C1_MasterOpen                    text20       0069F
__end_of_I2C1_MasterOperation               text22       004BD
__end_of_I2C1_MasterSendAck                 text45       00777
__end_of_I2C1_MasterSendNack                text47       0077B
__end_of_I2C1_MasterSendTxData              text44       00738
__end_of_I2C1_MasterSetIrq                  text42       00786
__end_of_I2C1_MasterStart                   text61       00795
__end_of_I2C1_MasterStartRx                 text48       0078C
__end_of_I2C1_MasterStop                    text59       0078F
__end_of_I2C1_MasterWaitForEvent            text24       0072C
__end_of_I2C1_MasterWrite                   text21       0073D
__end_of_I2C1_Open                          text19       00316
__end_of_I2C1_Poller                        text23       006AC
__end_of_I2C1_Read1ByteRegister             text17       0034E
__end_of_I2C1_SetAddressNackCallback        text18       00669
__end_of_I2C1_SetBuffer                     text58       0063F
__end_of_I2C1_SetCallback                   text57       0045F
__end_of_I2C1_SetDataCompleteCallback       text56       00677
__end_of_I2C1_Write1ByteRegister            text16       00383
__end_of_INTERRUPT_InterruptManager         intentry     00032
__end_of_INT_CallBack                       text85       006C6
__end_of_INT_DefaultInterruptHandler        text86       007A8
__end_of_INT_ISR                            text84       0076F
__end_of_INT_SetInterruptHandler            text12       00726
__end_of_IOCBF7_DefaultInterruptHandler     text78       007A7
__end_of_IOCBF7_ISR                         text76       00685
__end_of_IOCBF7_SetInterruptHandler         text8        00720
__end_of_OSCILLATOR_Initialize              text9        006D2
__end_of_PIN_MANAGER_IOC                    text75       006F7
__end_of_PIN_MANAGER_Initialize             text7        003E0
__end_of_PWM4_Initialize                    text6        006DC
__end_of_PWM4_LoadDutyValue                 text15       004D9
__end_of_SYSTEM_Initialize                  text1        0049E
__end_of_TMR2_Initialize                    text5        006FF
__end_of_TMR4_CallBack                      text71       006B9
__end_of_TMR4_DefaultInterruptHandler       text72       007A6
__end_of_TMR4_ISR                           text70       005CF
__end_of_TMR4_Initialize                    text3        005E3
__end_of_TMR4_SetInterruptHandler           text4        0071A
__end_of_TMR4_StopTimer                     text74       007A1
__end_of_TimerInterrupt                     text73       0077F
__end_of_WDT_Initialize                     text2        00773
__end_of_WakeUpInterrupt                    text87       007A9
__end_of__initialization                    cinit        0003E
__end_of_i2c1_fsmStateTable                 stringtext1  0047F
__end_of_main                               maintext     0016C
__end_of_patronus                           text79       0023E
__end_of_rd1RegCompleteHandler              text54       0061C
__end_of_rd2RegCompleteHandler              text53       00609
__end_of_rdBlkRegCompleteHandler            text51       00547
__end_of_wr1RegCompleteHandler              text52       005F6
__end_of_wr2RegCompleteHandler              text55       0062F
__end_ofi1_DELAY_milliseconds               text83       005BA
__end_ofi1_EPWM1_LoadDutyValue              text82       005A4
__end_ofi1_EPWM2_LoadDutyValue              text81       0058D
__end_ofi1_PWM4_LoadDutyValue               text80       00576
__initialization                            cinit        00034
__pbssBANK0                                 bssBANK0     00020
__pbssCOMMON                                bssCOMMON    00079
__pcstackBANK0                              cstackBANK0  00041
__pcstackCOMMON                             cstackCOMMON 00070
__pintentry                                 intentry     00004
__pmaintext                                 maintext     00042
__pnvCOMMON                                 nvCOMMON     00077
__pstringtext1                              stringtext1  0045F
__ptext1                                    text1        0047F
__ptext10                                   text10       006DC
__ptext11                                   text11       00685
__ptext12                                   text12       00720
__ptext13                                   text13       0063F
__ptext14                                   text14       0064D
__ptext15                                   text15       004BD
__ptext16                                   text16       0034E
__ptext17                                   text17       00316
__ptext18                                   text18       0065B
__ptext19                                   text19       002DB
__ptext2                                    text2        0076F
__ptext20                                   text20       00692
__ptext21                                   text21       00738
__ptext22                                   text22       0049E
__ptext23                                   text23       0069F
__ptext24                                   text24       00726
__ptext25                                   text25       0040D
__ptext26                                   text26       003E0
__ptext27                                   text27       0073D
__ptext28                                   text28       00742
__ptext29                                   text29       00747
__ptext3                                    text3        005CF
__ptext30                                   text30       0074C
__ptext31                                   text31       00751
__ptext32                                   text32       00756
__ptext33                                   text33       0075B
__ptext34                                   text34       00760
__ptext35                                   text35       00707
__ptext36                                   text36       00294
__ptext37                                   text37       0023E
__ptext38                                   text38       006FF
__ptext39                                   text39       006E5
__ptext4                                    text4        00714
__ptext40                                   text40       00765
__ptext41                                   text41       00383
__ptext42                                   text42       00783
__ptext43                                   text43       0072C
__ptext44                                   text44       00732
__ptext45                                   text45       00773
__ptext46                                   text46       00786
__ptext47                                   text47       00777
__ptext48                                   text48       00789
__ptext49                                   text49       007A1
__ptext5                                    text5        006F7
__ptext50                                   text50       007A3
__ptext51                                   text51       0052D
__ptext52                                   text52       005E3
__ptext53                                   text53       005F6
__ptext54                                   text54       00609
__ptext55                                   text55       0061C
__ptext56                                   text56       00669
__ptext57                                   text57       00438
__ptext58                                   text58       0062F
__ptext59                                   text59       0078C
__ptext6                                    text6        006D2
__ptext60                                   text60       0078F
__ptext61                                   text61       00792
__ptext62                                   text62       004D9
__ptext63                                   text63       00795
__ptext64                                   text64       00798
__ptext65                                   text65       0079B
__ptext66                                   text66       004F5
__ptext67                                   text67       00511
__ptext68                                   text68       00547
__ptext7                                    text7        003B3
__ptext70                                   text70       005BA
__ptext71                                   text71       006AC
__ptext72                                   text72       007A5
__ptext73                                   text73       0077B
__ptext74                                   text74       0079E
__ptext75                                   text75       006EE
__ptext76                                   text76       00677
__ptext77                                   text77       0077F
__ptext78                                   text78       007A6
__ptext79                                   text79       0016C
__ptext8                                    text8        0071A
__ptext80                                   text80       0055F
__ptext81                                   text81       00576
__ptext82                                   text82       0058D
__ptext83                                   text83       005A4
__ptext84                                   text84       0076A
__ptext85                                   text85       006B9
__ptext86                                   text86       007A7
__ptext87                                   text87       007A8
__ptext9                                    text9        006C6
__size_of_ButtonInterrupt                   (abs)        00000
__size_of_DELAY_milliseconds                (abs)        00000
__size_of_EPWM1_Initialize                  (abs)        00000
__size_of_EPWM1_LoadDutyValue               (abs)        00000
__size_of_EPWM2_Initialize                  (abs)        00000
__size_of_EPWM2_LoadDutyValue               (abs)        00000
__size_of_EXT_INT_Initialize                (abs)        00000
__size_of_I2C1_CallbackReturnReset          (abs)        00000
__size_of_I2C1_CallbackReturnStop           (abs)        00000
__size_of_I2C1_Close                        (abs)        00000
__size_of_I2C1_DO_ADDRESS_NACK              (abs)        00000
__size_of_I2C1_DO_IDLE                      (abs)        00000
__size_of_I2C1_DO_RCEN                      (abs)        00000
__size_of_I2C1_DO_RESET                     (abs)        00000
__size_of_I2C1_DO_RX                        (abs)        00000
__size_of_I2C1_DO_RX_ACK                    (abs)        00000
__size_of_I2C1_DO_RX_NACK_RESTART           (abs)        00000
__size_of_I2C1_DO_RX_NACK_STOP              (abs)        00000
__size_of_I2C1_DO_SEND_ADR_READ             (abs)        00000
__size_of_I2C1_DO_SEND_ADR_WRITE            (abs)        00000
__size_of_I2C1_DO_SEND_RESTART              (abs)        00000
__size_of_I2C1_DO_SEND_RESTART_READ         (abs)        00000
__size_of_I2C1_DO_SEND_RESTART_WRITE        (abs)        00000
__size_of_I2C1_DO_SEND_STOP                 (abs)        00000
__size_of_I2C1_DO_TX                        (abs)        00000
__size_of_I2C1_DO_TX_EMPTY                  (abs)        00000
__size_of_I2C1_Initialize                   (abs)        00000
__size_of_I2C1_MasterClearIrq               (abs)        00000
__size_of_I2C1_MasterClose                  (abs)        00000
__size_of_I2C1_MasterDisableIrq             (abs)        00000
__size_of_I2C1_MasterEnableRestart          (abs)        00000
__size_of_I2C1_MasterFsm                    (abs)        00000
__size_of_I2C1_MasterGetRxData              (abs)        00000
__size_of_I2C1_MasterIsNack                 (abs)        00000
__size_of_I2C1_MasterOpen                   (abs)        00000
__size_of_I2C1_MasterOperation              (abs)        00000
__size_of_I2C1_MasterSendAck                (abs)        00000
__size_of_I2C1_MasterSendNack               (abs)        00000
__size_of_I2C1_MasterSendTxData             (abs)        00000
__size_of_I2C1_MasterSetIrq                 (abs)        00000
__size_of_I2C1_MasterStart                  (abs)        00000
__size_of_I2C1_MasterStartRx                (abs)        00000
__size_of_I2C1_MasterStop                   (abs)        00000
__size_of_I2C1_MasterWaitForEvent           (abs)        00000
__size_of_I2C1_MasterWrite                  (abs)        00000
__size_of_I2C1_Open                         (abs)        00000
__size_of_I2C1_Poller                       (abs)        00000
__size_of_I2C1_Read1ByteRegister            (abs)        00000
__size_of_I2C1_SetAddressNackCallback       (abs)        00000
__size_of_I2C1_SetBuffer                    (abs)        00000
__size_of_I2C1_SetCallback                  (abs)        00000
__size_of_I2C1_SetDataCompleteCallback      (abs)        00000
__size_of_I2C1_Write1ByteRegister           (abs)        00000
__size_of_INTERRUPT_InterruptManager        (abs)        00000
__size_of_INT_CallBack                      (abs)        00000
__size_of_INT_DefaultInterruptHandler       (abs)        00000
__size_of_INT_ISR                           (abs)        00000
__size_of_INT_SetInterruptHandler           (abs)        00000
__size_of_IOCBF7_DefaultInterruptHandler    (abs)        00000
__size_of_IOCBF7_ISR                        (abs)        00000
__size_of_IOCBF7_SetInterruptHandler        (abs)        00000
__size_of_OSCILLATOR_Initialize             (abs)        00000
__size_of_PIN_MANAGER_IOC                   (abs)        00000
__size_of_PIN_MANAGER_Initialize            (abs)        00000
__size_of_PWM4_Initialize                   (abs)        00000
__size_of_PWM4_LoadDutyValue                (abs)        00000
__size_of_SYSTEM_Initialize                 (abs)        00000
__size_of_TMR2_Initialize                   (abs)        00000
__size_of_TMR4_CallBack                     (abs)        00000
__size_of_TMR4_DefaultInterruptHandler      (abs)        00000
__size_of_TMR4_ISR                          (abs)        00000
__size_of_TMR4_Initialize                   (abs)        00000
__size_of_TMR4_SetInterruptHandler          (abs)        00000
__size_of_TMR4_StopTimer                    (abs)        00000
__size_of_TimerInterrupt                    (abs)        00000
__size_of_WDT_Initialize                    (abs)        00000
__size_of_WakeUpInterrupt                   (abs)        00000
__size_of_main                              (abs)        00000
__size_of_patronus                          (abs)        00000
__size_of_rd1RegCompleteHandler             (abs)        00000
__size_of_rd2RegCompleteHandler             (abs)        00000
__size_of_rdBlkRegCompleteHandler           (abs)        00000
__size_of_wr1RegCompleteHandler             (abs)        00000
__size_of_wr2RegCompleteHandler             (abs)        00000
__size_ofi1_DELAY_milliseconds              (abs)        00000
__size_ofi1_EPWM1_LoadDutyValue             (abs)        00000
__size_ofi1_EPWM2_LoadDutyValue             (abs)        00000
__size_ofi1_PWM4_LoadDutyValue              (abs)        00000
_i2c1_fsmStateTable                         stringtext1  0045F
_main                                       maintext     00042
_patronus                                   text79       0016C
_rd1RegCompleteHandler                      text54       00609
_rd2RegCompleteHandler                      text53       005F6
_rdBlkRegCompleteHandler                    text51       0052D
_wr1RegCompleteHandler                      text52       005E3
_wr2RegCompleteHandler                      text55       0061C
btemp                                       (abs)        0007E
clear_ram0                                  clrtext      0070E
end_of_initialization                       cinit        0003E
i1DELAY_milliseconds@milliseconds           cstackCOMMON 00070
i1EPWM1_LoadDutyValue@dutyValue             cstackCOMMON 00070
i1EPWM2_LoadDutyValue@dutyValue             cstackCOMMON 00070
i1PWM4_LoadDutyValue@dutyValue              cstackCOMMON 00070
i1_DELAY_milliseconds                       text83       005A4
i1_EPWM1_LoadDutyValue                      text82       0058D
i1_EPWM2_LoadDutyValue                      text81       00576
i1_PWM4_LoadDutyValue                       text80       0055F
int$flags                                   (abs)        0007E
intlevel0                                   functab      00000
intlevel1                                   functab      00000
intlevel2                                   functab      00000
intlevel3                                   functab      00000
intlevel4                                   functab      00000
intlevel5                                   functab      00000
main@data                                   cstackBANK0  0005A
main@data_x                                 cstackBANK0  0005B
main@data_y                                 cstackBANK0  0005C
main@data_z                                 cstackBANK0  0005D
patronus@i                                  cstackCOMMON 00076
rd1RegCompleteHandler@ptr                   cstackBANK0  0004A
rd2RegCompleteHandler@ptr                   cstackBANK0  0004A
rdBlkRegCompleteHandler@ptr                 cstackBANK0  0004A
reset_vec                                   reset_vec    00000
start                                       init         00032
start_initialization                        cinit        00034
wr1RegCompleteHandler@ptr                   cstackBANK0  0004A
wr2RegCompleteHandler@ptr                   cstackBANK0  0004A
wtemp0                                      (abs)        0007E


MODULE INFORMATION

Module		Function		Class		Link	Load	Size
mcc_generated_files/examples/i2c1_master_example.c
		_wr1RegCompleteHandler		CODE           	05E3	0000	19
		_wr2RegCompleteHandler		CODE           	061C	0000	19
		_I2C1_Write1ByteRegister		CODE           	034E	0000	53
		_rdBlkRegCompleteHandler		CODE           	052D	0000	26
		_rd1RegCompleteHandler		CODE           	0609	0000	19
		_rd2RegCompleteHandler		CODE           	05F6	0000	19
		_I2C1_Read1ByteRegister		CODE           	0316	0000	56

mcc_generated_files/examples/i2c1_master_example.c estimated size: 211

mcc_generated_files/tmr4.c
		_TMR4_ISR      		CODE           	05BA	0000	21
		_TMR4_Initialize		CODE           	05CF	0000	20
		_TMR4_SetInterruptHandler		CODE           	0714	0000	6
		_TMR4_StopTimer		CODE           	079E	0000	3
		_TMR4_DefaultInterruptHandler		CODE           	07A5	0000	1
		_TMR4_CallBack 		CODE           	06AC	0000	13

mcc_generated_files/tmr4.c estimated size: 64

mcc_generated_files/i2c1_master.c
		_I2C1_DO_SEND_RESTART		CODE           	0756	0000	5
		_I2C1_DO_TX_EMPTY		CODE           	0383	0000	48
		_I2C1_DO_SEND_RESTART_READ		CODE           	0760	0000	5
		_I2C1_CallbackReturnStop		CODE           	07A3	0000	2
		_I2C1_DO_RX    		CODE           	0294	0000	71
		_I2C1_DO_TX    		CODE           	023E	0000	86
		_I2C1_SetAddressNackCallback		CODE           	065B	0000	14
		_I2C1_DO_IDLE  		CODE           	0765	0000	5
		_I2C1_MasterOpen		CODE           	0692	0000	13
		_I2C1_DO_RCEN  		CODE           	0707	0000	7
		_I2C1_MasterSendTxData		CODE           	0732	0000	6
		_I2C1_MasterStop		CODE           	078C	0000	3
		_I2C1_CallbackReturnReset		CODE           	07A1	0000	2
		_I2C1_DO_RESET 		CODE           	073D	0000	5
		_I2C1_MasterStartRx		CODE           	0789	0000	3
		_I2C1_Poller   		CODE           	069F	0000	13
		_I2C1_DO_RX_ACK		CODE           	074C	0000	5
		_I2C1_MasterWaitForEvent		CODE           	0726	0000	6
		_I2C1_MasterSendNack		CODE           	0777	0000	4
		_I2C1_DO_RX_NACK_RESTART		CODE           	0742	0000	5
		_I2C1_MasterDisableIrq		CODE           	0795	0000	3
		_I2C1_MasterOperation		CODE           	049E	0000	31
		_I2C1_SetCallback		CODE           	0438	0000	39
		_I2C1_MasterEnableRestart		CODE           	078F	0000	3
		_I2C1_Open     		CODE           	02DB	0000	59
		_I2C1_DO_ADDRESS_NACK		CODE           	03E0	0000	45
		_I2C1_SetBuffer		CODE           	062F	0000	16
		_I2C1_DO_SEND_RESTART_WRITE		CODE           	075B	0000	5
		_I2C1_MasterClose		CODE           	0798	0000	3
		_I2C1_MasterWrite		CODE           	0738	0000	5
		_I2C1_Initialize		CODE           	06DC	0000	9
		_I2C1_Close    		CODE           	04D9	0000	28
		_I2C1_MasterIsNack		CODE           	072C	0000	6
		_I2C1_MasterStart		CODE           	0792	0000	3
		_I2C1_DO_SEND_ADR_WRITE		CODE           	06FF	0000	8
		_I2C1_MasterClearIrq		CODE           	079B	0000	3
		_I2C1_SetDataCompleteCallback		CODE           	0669	0000	14
		_I2C1_DO_SEND_STOP		CODE           	0751	0000	5
		_I2C1_MasterSendAck		CODE           	0773	0000	4
		_I2C1_MasterFsm		CODE           	040D	0000	43
		_I2C1_MasterGetRxData		CODE           	0786	0000	3
		_I2C1_MasterSetIrq		CODE           	0783	0000	3
		_I2C1_DO_SEND_ADR_READ		CODE           	06E5	0000	9
		_I2C1_DO_RX_NACK_STOP		CODE           	0747	0000	5

mcc_generated_files/i2c1_master.c estimated size: 660

mcc_generated_files/pwm4.c
		_PWM4_Initialize		CODE           	06D2	0000	10
		_PWM4_LoadDutyValue		CODE           	04BD	0000	28

mcc_generated_files/pwm4.c estimated size: 38

mcc_generated_files/tmr2.c
		_TMR2_Initialize		CODE           	06F7	0000	8

mcc_generated_files/tmr2.c estimated size: 8

mcc_generated_files/interrupt_manager.c
		_INTERRUPT_InterruptManager		CODE           	0004	0000	46

mcc_generated_files/interrupt_manager.c estimated size: 46

mcc_generated_files/epwm2.c
		_EPWM2_LoadDutyValue		CODE           	04F5	0000	28
		_EPWM2_Initialize		CODE           	063F	0000	14

mcc_generated_files/epwm2.c estimated size: 42

mcc_generated_files/pin_manager.c
		_PIN_MANAGER_Initialize		CODE           	03B3	0000	45
		_IOCBF7_DefaultInterruptHandler		CODE           	07A6	0000	1
		_IOCBF7_ISR    		CODE           	0677	0000	14
		_PIN_MANAGER_IOC		CODE           	06EE	0000	9
		_IOCBF7_SetInterruptHandler		CODE           	071A	0000	6

mcc_generated_files/pin_manager.c estimated size: 75

mcc_generated_files/ext_int.c
		_INT_DefaultInterruptHandler		CODE           	07A7	0000	1
		_EXT_INT_Initialize		CODE           	0685	0000	13
		_INT_SetInterruptHandler		CODE           	0720	0000	6
		_INT_CallBack  		CODE           	06B9	0000	13
		_INT_ISR       		CODE           	076A	0000	5

mcc_generated_files/ext_int.c estimated size: 38

shared
		i1_EPWM1_LoadDutyValue		CODE           	058D	0000	23
		i1_DELAY_milliseconds		CODE           	05A4	0000	22
		i1_PWM4_LoadDutyValue		CODE           	055F	0000	23
		__initialization		CODE           	0034	0000	10
		_i2c1_fsmStateTable		STRCODE        	045F	0000	32
		i1_EPWM2_LoadDutyValue		CODE           	0576	0000	23

shared estimated size: 133

mcc_generated_files/mcc.c
		_WDT_Initialize		CODE           	076F	0000	4
		_OSCILLATOR_Initialize		CODE           	06C6	0000	12
		_SYSTEM_Initialize		CODE           	047F	0000	31

mcc_generated_files/mcc.c estimated size: 47

mcc_generated_files/epwm1.c
		_EPWM1_LoadDutyValue		CODE           	0511	0000	28
		_EPWM1_Initialize		CODE           	064D	0000	14

mcc_generated_files/epwm1.c estimated size: 42

mcc_generated_files/delay.c
		_DELAY_milliseconds		CODE           	0547	0000	24

mcc_generated_files/delay.c estimated size: 24

main.c
		_ButtonInterrupt		CODE           	077F	0000	4
		_main          		CODE           	0042	0000	298
		_TimerInterrupt		CODE           	077B	0000	4
		_WakeUpInterrupt		CODE           	07A8	0000	1
		_patronus      		CODE           	016C	0000	210

main.c estimated size: 517

